Archive member included to satisfy reference by file (symbol)

.\CortexM0\ARM_GCC_541\Debug\UART_to_BLE_peripheral_test.a(BLE.o)
                              .\CortexM0\ARM_GCC_541\Debug\main.o (CyBle_Start)
.\CortexM0\ARM_GCC_541\Debug\UART_to_BLE_peripheral_test.a(BLE_gatt.o)
                              .\CortexM0\ARM_GCC_541\Debug\main.o (cyBle_state)
.\CortexM0\ARM_GCC_541\Debug\UART_to_BLE_peripheral_test.a(BLE_eventHandler.o)
                              .\CortexM0\ARM_GCC_541\Debug\main.o (cyBle_connHandle)
.\CortexM0\ARM_GCC_541\Debug\UART_to_BLE_peripheral_test.a(BLE_custom.o)
                              .\CortexM0\ARM_GCC_541\Debug\UART_to_BLE_peripheral_test.a(BLE.o) (CyBle_CustomInit)
.\CortexM0\ARM_GCC_541\Debug\UART_to_BLE_peripheral_test.a(Conn_LED.o)
                              .\CortexM0\ARM_GCC_541\Debug\app_LED.o (Conn_LED_Write)
.\CortexM0\ARM_GCC_541\Debug\UART_to_BLE_peripheral_test.a(UART.o)
                              .\CortexM0\ARM_GCC_541\Debug\main.o (UART_Start)
.\CortexM0\ARM_GCC_541\Debug\UART_to_BLE_peripheral_test.a(UART_SPI_UART.o)
                              .\CortexM0\ARM_GCC_541\Debug\app_UART.o (UART_SpiUartGetRxBufferSize)
.\CortexM0\ARM_GCC_541\Debug\UART_to_BLE_peripheral_test.a(UART_UART.o)
                              .\CortexM0\ARM_GCC_541\Debug\UART_to_BLE_peripheral_test.a(UART.o) (UART_UartInit)
.\CortexM0\ARM_GCC_541\Debug\UART_to_BLE_peripheral_test.a(CyLib.o)
                              .\CortexM0\ARM_GCC_541\Debug\cyfitter_cfg.o (CySysClkWriteImoFreq)
.\CortexM0\ARM_GCC_541\Debug\UART_to_BLE_peripheral_test.a(CyLFClk.o)
                              .\CortexM0\ARM_GCC_541\Debug\cyfitter_cfg.o (CySysClkWcoStart)
.\CortexM0\ARM_GCC_541\Debug\UART_to_BLE_peripheral_test.a(I2C_1.o)
                              .\CortexM0\ARM_GCC_541\Debug\main.o (I2C_1_Start)
.\CortexM0\ARM_GCC_541\Debug\UART_to_BLE_peripheral_test.a(I2C_1_I2C.o)
                              .\CortexM0\ARM_GCC_541\Debug\UART_to_BLE_peripheral_test.a(I2C_1.o) (I2C_1_I2CInit)
.\CortexM0\ARM_GCC_541\Debug\UART_to_BLE_peripheral_test.a(I2C_1_I2C_MASTER.o)
                              .\CortexM0\ARM_GCC_541\Debug\UART_to_BLE_peripheral_test.a(I2C_1_I2C.o) (I2C_1_mstrStatus)
.\CortexM0\ARM_GCC_541\Debug\UART_to_BLE_peripheral_test.a(I2C_1_sda.o)
                              .\CortexM0\ARM_GCC_541\Debug\bme280.o (I2C_1_sda_SetDriveMode)
.\CortexM0\ARM_GCC_541\Debug\UART_to_BLE_peripheral_test.a(I2C_1_scl.o)
                              .\CortexM0\ARM_GCC_541\Debug\bme280.o (I2C_1_scl_SetDriveMode)
.\CortexM0\ARM_GCC_541\Debug\UART_to_BLE_peripheral_test.a(CyBootAsmGnu.o)
                              .\CortexM0\ARM_GCC_541\Debug\cyfitter_cfg.o (CyDelayCycles)
.\CortexM0\ARM_GCC_541\Debug\UART_to_BLE_peripheral_test.a(UART_SPI_UART_INT.o)
                              .\CortexM0\ARM_GCC_541\Debug\UART_to_BLE_peripheral_test.a(UART_UART.o) (UART_SPI_UART_ISR)
.\CortexM0\ARM_GCC_541\Debug\UART_to_BLE_peripheral_test.a(I2C_1_I2C_INT.o)
                              .\CortexM0\ARM_GCC_541\Debug\UART_to_BLE_peripheral_test.a(I2C_1_I2C.o) (I2C_1_I2C_ISR)
..\..\..\PSoC Creator\4.1\Downloads ( 4.1).cylib\BLE_v3_40\Library\gccCyBLEStack_BLE_SOC_PERIPHERAL.a(CyBle.o)
                              .\CortexM0\ARM_GCC_541\Debug\UART_to_BLE_peripheral_test.a(BLE_eventHandler.o) (CyBle_EnableDefaultDevicePrivacy)
..\..\..\PSoC Creator\4.1\Downloads ( 4.1).cylib\BLE_v3_40\Library\gccCyBLEStack_BLE_SOC_PERIPHERAL.a(CyBleStackMgrIP_Interface.o)
                              ..\..\..\PSoC Creator\4.1\Downloads ( 4.1).cylib\BLE_v3_40\Library\gccCyBLEStack_BLE_SOC_PERIPHERAL.a(CyBle.o) (CyBleStackMgr_Init)
..\..\..\PSoC Creator\4.1\Downloads ( 4.1).cylib\BLE_v3_40\Library\gccCyBLEStack_BLE_SOC_PERIPHERAL.a(BT_os.o)
                              ..\..\..\PSoC Creator\4.1\Downloads ( 4.1).cylib\BLE_v3_40\Library\gccCyBLEStack_BLE_SOC_PERIPHERAL.a(CyBleStackMgrIP_Interface.o) (cyBleStackMemoryConfig)
..\..\..\PSoC Creator\4.1\Downloads ( 4.1).cylib\BLE_v3_40\Library\gccCyBLEStack_BLE_SOC_PERIPHERAL.a(BT_timer.o)
                              ..\..\..\PSoC Creator\4.1\Downloads ( 4.1).cylib\BLE_v3_40\Library\gccCyBLEStack_BLE_SOC_PERIPHERAL.a(CyBleStackMgrIP_Interface.o) (timer_init)
..\..\..\PSoC Creator\4.1\Downloads ( 4.1).cylib\BLE_v3_40\Library\gccCyBLEStack_BLE_SOC_PERIPHERAL.a(CyBleStackMgr_StackTaskHandler.o)
                              ..\..\..\PSoC Creator\4.1\Downloads ( 4.1).cylib\BLE_v3_40\Library\gccCyBLEStack_BLE_SOC_PERIPHERAL.a(BT_timer.o) (BLE_STACK_TASK_EVT)
..\..\..\PSoC Creator\4.1\Downloads ( 4.1).cylib\BLE_v3_40\Library\gccCyBLEStack_BLE_SOC_PERIPHERAL.a(transport_sf.o)
                              ..\..\..\PSoC Creator\4.1\Downloads ( 4.1).cylib\BLE_v3_40\Library\gccCyBLEStack_BLE_SOC_PERIPHERAL.a(CyBleStackMgr_StackTaskHandler.o) (hci_soft_transport_notify_data_received)
[...]
Memory Configuration

Name             Origin             Length             Attributes
rom              0x00000000         0x00020000         xr
ram              0x20000000         0x00004000         xrw
*default*        0x00000000         0xffffffff

Linker script and memory map

LOAD c:/program files (x86)/cypress/psoc creator/4.1/psoc creator/import/gnu/arm/5.4.1/bin/../lib/gcc/arm-none-eabi/5.4.1/armv6-m/crti.o
LOAD c:/program files (x86)/cypress/psoc creator/4.1/psoc creator/import/gnu/arm/5.4.1/bin/../lib/gcc/arm-none-eabi/5.4.1/armv6-m/crtbegin.o
LOAD c:/program files (x86)/cypress/psoc creator/4.1/psoc creator/import/gnu/arm/5.4.1/bin/../lib/gcc/arm-none-eabi/5.4.1/../../../../arm-none-eabi/lib/armv6-m/crt0.o
START GROUP
LOAD .\CortexM0\ARM_GCC_541\Debug\main.o
LOAD .\CortexM0\ARM_GCC_541\Debug\app_Ble.o
LOAD .\CortexM0\ARM_GCC_541\Debug\app_UART.o
LOAD .\CortexM0\ARM_GCC_541\Debug\app_LED.o
LOAD .\CortexM0\ARM_GCC_541\Debug\teste.o
LOAD .\CortexM0\ARM_GCC_541\Debug\HTU21D.o
LOAD .\CortexM0\ARM_GCC_541\Debug\sleep.o
LOAD .\CortexM0\ARM_GCC_541\Debug\bme280.o
LOAD .\CortexM0\ARM_GCC_541\Debug\cyfitter_cfg.o
LOAD .\CortexM0\ARM_GCC_541\Debug\cymetadata.o
LOAD .\CortexM0\ARM_GCC_541\Debug\Cm0Start.o
LOAD .\CortexM0\ARM_GCC_541\Debug\UART_to_BLE_peripheral_test.a
LOAD ..\..\..\PSoC Creator\4.1\Downloads ( 4.1).cylib\BLE_v3_40\Library\gccCyBLEStack_BLE_SOC_PERIPHERAL.a
LOAD C:\Program Files (x86)\Cypress\PSoC Creator\4.1\PSoC Creator\psoc\content\cycomponentlibrary\CyComponentLibrary.cylib\CortexM0\ARM_GCC_541\Debug\CyComponentLibrary.a
END GROUP
START GROUP
LOAD c:/program files (x86)/cypress/psoc creator/4.1/psoc creator/import/gnu/arm/5.4.1/bin/../lib/gcc/arm-none-eabi/5.4.1/armv6-m\libgcc.a
LOAD c:/program files (x86)/cypress/psoc creator/4.1/psoc creator/import/gnu/arm/5.4.1/bin/../lib/gcc/arm-none-eabi/5.4.1/../../../../arm-none-eabi/lib/armv6-m\libg_nano.a
LOAD c:/program files (x86)/cypress/psoc creator/4.1/psoc creator/import/gnu/arm/5.4.1/bin/../lib/gcc/arm-none-eabi/5.4.1/../../../../arm-none-eabi/lib/armv6-m\libc_nano.a
END GROUP
START GROUP
LOAD c:/program files (x86)/cypress/psoc creator/4.1/psoc creator/import/gnu/arm/5.4.1/bin/../lib/gcc/arm-none-eabi/5.4.1/armv6-m\libgcc.a
LOAD c:/program files (x86)/cypress/psoc creator/4.1/psoc creator/import/gnu/arm/5.4.1/bin/../lib/gcc/arm-none-eabi/5.4.1/../../../../arm-none-eabi/lib/armv6-m\libc_nano.a
END GROUP
LOAD c:/program files (x86)/cypress/psoc creator/4.1/psoc creator/import/gnu/arm/5.4.1/bin/../lib/gcc/arm-none-eabi/5.4.1/armv6-m/crtend.o
LOAD c:/program files (x86)/cypress/psoc creator/4.1/psoc creator/import/gnu/arm/5.4.1/bin/../lib/gcc/arm-none-eabi/5.4.1/armv6-m/crtn.o
START GROUP
LOAD c:/program files (x86)/cypress/psoc creator/4.1/psoc creator/import/gnu/arm/5.4.1/bin/../lib/gcc/arm-none-eabi/5.4.1/armv6-m\libgcc.a
LOAD c:/program files (x86)/cypress/psoc creator/4.1/psoc creator/import/gnu/arm/5.4.1/bin/../lib/gcc/arm-none-eabi/5.4.1/../../../../arm-none-eabi/lib/armv6-m\libc.a
LOAD c:/program files (x86)/cypress/psoc creator/4.1/psoc creator/import/gnu/arm/5.4.1/bin/../lib/gcc/arm-none-eabi/5.4.1/../../../../arm-none-eabi/lib/armv6-m\libnosys.a
END GROUP
                0x00000000                CY_APPL_ORIGIN = 0x0
                0x00000080                CY_FLASH_ROW_SIZE = 0x80
                0x00000001                CY_APPL_NUM = 0x1
                0x00000001                CY_APPL_MAX = 0x1
                0x00000040                CY_METADATA_SIZE = 0x40
                0x00000000                CY_APPL_LOADABLE = 0x0
                0x00000000                CY_CHECKSUM_EXCLUDE_SIZE = ALIGN (0x0, CY_FLASH_ROW_SIZE)
                0x00000000                CY_APP_FOR_STACK_AND_COPIER = 0x0
                [!provide]                PROVIDE (__cy_heap_start, _end)
                0x00000001                PROVIDE (__cy_region_num, ((__cy_regions_end - __cy_regions) / 0x10))
                0x20004000                PROVIDE (__cy_stack, (ORIGIN (ram) + LENGTH (ram)))
                [!provide]                PROVIDE (__cy_heap_end, (__cy_stack - 0x800))

.cybootloader   0x00000000        0x0
 *(.cybootloader)
                0x00000000                appl1_start = CY_APPL_ORIGIN?CY_APPL_ORIGIN:ALIGN (CY_FLASH_ROW_SIZE)
                0x0000ff80                appl2_start = (appl1_start + ALIGN ((((LENGTH (rom) - appl1_start) - (0x2 * CY_FLASH_ROW_SIZE)) / 0x2), CY_FLASH_ROW_SIZE))
                0x00000000                appl_start = (CY_APPL_NUM == 0x1)?appl1_start:appl2_start
                0x00000001                cy_project_type_bootloader = (appl_start == 0x0)?0x1:0x0
                0x00000000                cy_project_type_app_for_stack_and_copier = (CY_APP_FOR_STACK_AND_COPIER == 0x1)?0x1:0x0

.text           0x00000000     0x4354
 CREATE_OBJECT_SYMBOLS
                0x00000000                PROVIDE (__cy_interrupt_vector, RomVectors)
 *(.romvectors)
 .romvectors    0x00000000       0x10 .\CortexM0\ARM_GCC_541\Debug\Cm0Start.o
                0x00000000                RomVectors
                0x00000001                ASSERT ((. != __cy_interrupt_vector), No interrupt vector)
                0x00000001                ASSERT (CY_APPL_ORIGIN?(SIZEOF (.cybootloader) <= CY_APPL_ORIGIN):0x1, Wrong image location)
                0x00000010                PROVIDE (__cy_reset, Reset)
 *(.text.Reset)
 .text.Reset    0x00000010        0x8 .\CortexM0\ARM_GCC_541\Debug\Cm0Start.o
                0x00000010                Reset
                0x00000001                ASSERT ((. != __cy_reset), No reset code)
 *(.psocinit)
 .psocinit      0x00000018      0x218 .\CortexM0\ARM_GCC_541\Debug\cyfitter_cfg.o
                0x00000114                cyfitter_cfg
                0x00000230                . = MAX (., 0x100)
 *(.text .text.* .gnu.linkonce.t.*)
 .text          0x00000230       0x60 c:/program files (x86)/cypress/psoc creator/4.1/psoc creator/import/gnu/arm/5.4.1/bin/../lib/gcc/arm-none-eabi/5.4.1/armv6-m/crtbegin.o
 .text.main     0x00000290        0xc .\CortexM0\ARM_GCC_541\Debug\main.o
                0x00000290                main
 .text.state_machine
                0x0000029c       0x9c .\CortexM0\ARM_GCC_541\Debug\main.o
                0x0000029c                state_machine
 .text.tx       0x00000338       0x50 .\CortexM0\ARM_GCC_541\Debug\main.o
                0x00000338                tx
 .text.init_globalVariables
                0x00000388       0x60 .\CortexM0\ARM_GCC_541\Debug\main.o
                0x00000388                init_globalVariables
 .text.createPacket
                0x000003e8       0xa0 .\CortexM0\ARM_GCC_541\Debug\main.o
                0x000003e8                createPacket
 .text.startBLE
                0x00000488       0x18 .\CortexM0\ARM_GCC_541\Debug\main.o
                0x00000488                startBLE
 .text.AppCallBack
                0x000004a0       0x14 .\CortexM0\ARM_GCC_541\Debug\main.o
                0x000004a0                AppCallBack
 .text.start    0x000004b4       0x34 .\CortexM0\ARM_GCC_541\Debug\main.o
                0x000004b4                start
 .text.sendtoble
                0x000004e8       0x70 .\CortexM0\ARM_GCC_541\Debug\main.o
                0x000004e8                sendtoble
 .text.HandleBleProcessing
                0x00000558      0x124 .\CortexM0\ARM_GCC_541\Debug\app_Ble.o
                0x00000558                HandleBleProcessing
 .text.HandleUartTxTraffic
                0x0000067c      0x204 .\CortexM0\ARM_GCC_541\Debug\app_UART.o
                0x0000067c                HandleUartTxTraffic
 .text.getTemp  0x00000880       0xf8 .\CortexM0\ARM_GCC_541\Debug\HTU21D.o
                0x00000880                getTemp
 .text.getHum   0x00000978       0xd0 .\CortexM0\ARM_GCC_541\Debug\HTU21D.o
                0x00000978                getHum
 .text.goSleep  0x00000a48       0x14 .\CortexM0\ARM_GCC_541\Debug\sleep.o
                0x00000a48                goSleep
 .text.CYMEMZERO
                0x00000a5c       0x20 .\CortexM0\ARM_GCC_541\Debug\cyfitter_cfg.o
 .text.AnalogSetDefault
                0x00000a7c       0x28 .\CortexM0\ARM_GCC_541\Debug\cyfitter_cfg.o
 .text.IntDefaultHandler
                0x00000aa4       0x14 .\CortexM0\ARM_GCC_541\Debug\Cm0Start.o
                0x00000aa4                IntDefaultHandler
 .text.Start_c  0x00000ab8       0x98 .\CortexM0\ARM_GCC_541\Debug\Cm0Start.o
                0x00000ab8                Start_c
 .text.initialize_psoc
                0x00000b50       0x70 .\CortexM0\ARM_GCC_541\Debug\Cm0Start.o
                0x00000b50                initialize_psoc
 .text.CyBle_Init
                0x00000bc0       0x2c .\CortexM0\ARM_GCC_541\Debug\UART_to_BLE_peripheral_test.a(BLE.o)
                0x00000bc0                CyBle_Init
 .text.CyBle_ServiceInit
                0x00000bec       0x10 .\CortexM0\ARM_GCC_541\Debug\UART_to_BLE_peripheral_test.a(BLE.o)
                0x00000bec                CyBle_ServiceInit
 .text.CyBle_Start
                0x00000bfc      0x128 .\CortexM0\ARM_GCC_541\Debug\UART_to_BLE_peripheral_test.a(BLE.o)
                0x00000bfc                CyBle_Start
 .text.CyBle_GappStartAdvertisement
                0x00000d24       0xd4 .\CortexM0\ARM_GCC_541\Debug\UART_to_BLE_peripheral_test.a(BLE.o)
                0x00000d24                CyBle_GappStartAdvertisement
 .text.CyBle_ChangeAdDeviceAddress
                0x00000df8       0x64 .\CortexM0\ARM_GCC_541\Debug\UART_to_BLE_peripheral_test.a(BLE.o)
                0x00000df8                CyBle_ChangeAdDeviceAddress
 .text.CyBle_Get16ByPtr
                0x00000e5c       0x28 .\CortexM0\ARM_GCC_541\Debug\UART_to_BLE_peripheral_test.a(BLE.o)
                0x00000e5c                CyBle_Get16ByPtr
 .text.CyBle_GattsWriteEventHandler
                0x00000e84       0x98 .\CortexM0\ARM_GCC_541\Debug\UART_to_BLE_peripheral_test.a(BLE_gatt.o)
                0x00000e84                CyBle_GattsWriteEventHandler
 .text.CyBle_WriteReqHandler
                0x00000f1c       0x74 .\CortexM0\ARM_GCC_541\Debug\UART_to_BLE_peripheral_test.a(BLE_eventHandler.o)
 .text.CyBle_ValueConfirmation
                0x00000f90       0x10 .\CortexM0\ARM_GCC_541\Debug\UART_to_BLE_peripheral_test.a(BLE_eventHandler.o)
 .text.CyBle_GattDisconnectEventHandler
                0x00000fa0       0x1c .\CortexM0\ARM_GCC_541\Debug\UART_to_BLE_peripheral_test.a(BLE_eventHandler.o)
 .text.CyBle_TimeOutEventHandler
                0x00000fbc       0x10 .\CortexM0\ARM_GCC_541\Debug\UART_to_BLE_peripheral_test.a(BLE_eventHandler.o)
 .text.CyBle_GattConnectReqHandler
                0x00000fcc        0xc .\CortexM0\ARM_GCC_541\Debug\UART_to_BLE_peripheral_test.a(BLE_eventHandler.o)
 .text.CyBle_IsDeviceAddressValid
                0x00000fd8       0x60 .\CortexM0\ARM_GCC_541\Debug\UART_to_BLE_peripheral_test.a(BLE_eventHandler.o)
                0x00000fd8                CyBle_IsDeviceAddressValid
 .text.CyBle_L2Cap_ConnParamUpdateRspEventHandler
                0x00001038       0x14 .\CortexM0\ARM_GCC_541\Debug\UART_to_BLE_peripheral_test.a(BLE_eventHandler.o)
 .text.CyBle_GapConnUpdateCompleteEventHandler
                0x0000104c       0x10 .\CortexM0\ARM_GCC_541\Debug\UART_to_BLE_peripheral_test.a(BLE_eventHandler.o)
 .text.CyBle_EventHandler
                0x0000105c      0x338 .\CortexM0\ARM_GCC_541\Debug\UART_to_BLE_peripheral_test.a(BLE_eventHandler.o)
                0x0000105c                CyBle_EventHandler
 .text.CyBle_CustomInit
                0x00001394        0xc .\CortexM0\ARM_GCC_541\Debug\UART_to_BLE_peripheral_test.a(BLE_custom.o)
                0x00001394                CyBle_CustomInit
 .text.UART_Init
                0x000013a0       0x10 .\CortexM0\ARM_GCC_541\Debug\UART_to_BLE_peripheral_test.a(UART.o)
                0x000013a0                UART_Init
 .text.UART_Enable
                0x000013b0       0x24 .\CortexM0\ARM_GCC_541\Debug\UART_to_BLE_peripheral_test.a(UART.o)
                0x000013b0                UART_Enable
 .text.UART_Start
                0x000013d4       0x24 .\CortexM0\ARM_GCC_541\Debug\UART_to_BLE_peripheral_test.a(UART.o)
                0x000013d4                UART_Start
 .text.UART_ScbEnableIntr
                0x000013f8       0x10 .\CortexM0\ARM_GCC_541\Debug\UART_to_BLE_peripheral_test.a(UART.o)
 .text.UART_ScbModePostEnable
                0x00001408       0x10 .\CortexM0\ARM_GCC_541\Debug\UART_to_BLE_peripheral_test.a(UART.o)
 .text.UART_SpiUartReadRxData
                0x00001418       0x58 .\CortexM0\ARM_GCC_541\Debug\UART_to_BLE_peripheral_test.a(UART_SPI_UART.o)
                0x00001418                UART_SpiUartReadRxData
 .text.UART_SpiUartGetRxBufferSize
                0x00001470       0x48 .\CortexM0\ARM_GCC_541\Debug\UART_to_BLE_peripheral_test.a(UART_SPI_UART.o)
                0x00001470                UART_SpiUartGetRxBufferSize
 .text.UART_SpiUartWriteTxData
                0x000014b8       0xa0 .\CortexM0\ARM_GCC_541\Debug\UART_to_BLE_peripheral_test.a(UART_SPI_UART.o)
                0x000014b8                UART_SpiUartWriteTxData
 .text.UART_UartInit
                0x00001558      0x114 .\CortexM0\ARM_GCC_541\Debug\UART_to_BLE_peripheral_test.a(UART_UART.o)
                0x00001558                UART_UartInit
 .text.UART_UartPostEnable
                0x0000166c       0x34 .\CortexM0\ARM_GCC_541\Debug\UART_to_BLE_peripheral_test.a(UART_UART.o)
                0x0000166c                UART_UartPostEnable
 .text.UART_UartGetByte
                0x000016a0       0x68 .\CortexM0\ARM_GCC_541\Debug\UART_to_BLE_peripheral_test.a(UART_UART.o)
                0x000016a0                UART_UartGetByte
 .text.UART_UartPutString
                0x00001708       0x38 .\CortexM0\ARM_GCC_541\Debug\UART_to_BLE_peripheral_test.a(UART_UART.o)
                0x00001708                UART_UartPutString
 .text.CySysClkWriteImoFreq
                0x00001740       0x9c .\CortexM0\ARM_GCC_541\Debug\UART_to_BLE_peripheral_test.a(CyLib.o)
                0x00001740                CySysClkWriteImoFreq
 .text.CySysClkEcoStart
                0x000017dc       0x74 .\CortexM0\ARM_GCC_541\Debug\UART_to_BLE_peripheral_test.a(CyLib.o)
                0x000017dc                CySysClkEcoStart
 .text.CySysClkEcoReadStatus
                0x00001850       0x20 .\CortexM0\ARM_GCC_541\Debug\UART_to_BLE_peripheral_test.a(CyLib.o)
                0x00001850                CySysClkEcoReadStatus
 .text.CyIntSetVector
                0x00001870       0x4c .\CortexM0\ARM_GCC_541\Debug\UART_to_BLE_peripheral_test.a(CyLib.o)
                0x00001870                CyIntSetVector
 .text.CyIntSetPriority
                0x000018bc       0xa8 .\CortexM0\ARM_GCC_541\Debug\UART_to_BLE_peripheral_test.a(CyLib.o)
                0x000018bc                CyIntSetPriority
 .text.CyIntEnable
                0x00001964       0x2c .\CortexM0\ARM_GCC_541\Debug\UART_to_BLE_peripheral_test.a(CyLib.o)
                0x00001964                CyIntEnable
 .text.CyIntDisable
                0x00001990       0x2c .\CortexM0\ARM_GCC_541\Debug\UART_to_BLE_peripheral_test.a(CyLib.o)
                0x00001990                CyIntDisable
 .text.CyHalt   0x000019bc       0x18 .\CortexM0\ARM_GCC_541\Debug\UART_to_BLE_peripheral_test.a(CyLib.o)
                0x000019bc                CyHalt
 .text.CyDelay  0x000019d4       0x4c .\CortexM0\ARM_GCC_541\Debug\UART_to_BLE_peripheral_test.a(CyLib.o)
                0x000019d4                CyDelay
 .text.CyDelayUs
                0x00001a20       0x28 .\CortexM0\ARM_GCC_541\Debug\UART_to_BLE_peripheral_test.a(CyLib.o)
                0x00001a20                CyDelayUs
 .text.CySysClkWcoSetHighPowerMode
                0x00001a48       0x4c .\CortexM0\ARM_GCC_541\Debug\UART_to_BLE_peripheral_test.a(CyLFClk.o)
 .text.CySysClkWcoSetLowPowerMode
                0x00001a94       0x4c .\CortexM0\ARM_GCC_541\Debug\UART_to_BLE_peripheral_test.a(CyLFClk.o)
 .text.CySysClkWcoStart
                0x00001ae0       0x20 .\CortexM0\ARM_GCC_541\Debug\UART_to_BLE_peripheral_test.a(CyLFClk.o)
                0x00001ae0                CySysClkWcoStart
 .text.CySysClkWcoSetPowerMode
                0x00001b00       0x40 .\CortexM0\ARM_GCC_541\Debug\UART_to_BLE_peripheral_test.a(CyLFClk.o)
                0x00001b00                CySysClkWcoSetPowerMode
 .text.I2C_1_Init
                0x00001b40       0x10 .\CortexM0\ARM_GCC_541\Debug\UART_to_BLE_peripheral_test.a(I2C_1.o)
                0x00001b40                I2C_1_Init
 .text.I2C_1_Enable
                0x00001b50       0x24 .\CortexM0\ARM_GCC_541\Debug\UART_to_BLE_peripheral_test.a(I2C_1.o)
                0x00001b50                I2C_1_Enable
 .text.I2C_1_Start
                0x00001b74       0x24 .\CortexM0\ARM_GCC_541\Debug\UART_to_BLE_peripheral_test.a(I2C_1.o)
                0x00001b74                I2C_1_Start
 .text.I2C_1_ScbEnableIntr
                0x00001b98       0x10 .\CortexM0\ARM_GCC_541\Debug\UART_to_BLE_peripheral_test.a(I2C_1.o)
 .text.I2C_1_ScbModePostEnable
                0x00001ba8        0xc .\CortexM0\ARM_GCC_541\Debug\UART_to_BLE_peripheral_test.a(I2C_1.o)
 .text.I2C_1_I2CInit
                0x00001bb4       0xd8 .\CortexM0\ARM_GCC_541\Debug\UART_to_BLE_peripheral_test.a(I2C_1_I2C.o)
                0x00001bb4                I2C_1_I2CInit
 .text.I2C_1_I2CFwBlockReset
                0x00001c8c       0x70 .\CortexM0\ARM_GCC_541\Debug\UART_to_BLE_peripheral_test.a(I2C_1_I2C.o)
                0x00001c8c                I2C_1_I2CFwBlockReset
 .text.I2C_1_I2CMasterWriteBuf
                0x00001cfc      0x128 .\CortexM0\ARM_GCC_541\Debug\UART_to_BLE_peripheral_test.a(I2C_1_I2C_MASTER.o)
                0x00001cfc                I2C_1_I2CMasterWriteBuf
 .text.I2C_1_I2CMasterReadBuf
                0x00001e24      0x138 .\CortexM0\ARM_GCC_541\Debug\UART_to_BLE_peripheral_test.a(I2C_1_I2C_MASTER.o)
                0x00001e24                I2C_1_I2CMasterReadBuf
 .text.I2C_1_I2CMasterStatus
                0x00001f5c       0x44 .\CortexM0\ARM_GCC_541\Debug\UART_to_BLE_peripheral_test.a(I2C_1_I2C_MASTER.o)
                0x00001f5c                I2C_1_I2CMasterStatus
 .text.I2C_1_I2CMasterClearStatus
                0x00001fa0       0x30 .\CortexM0\ARM_GCC_541\Debug\UART_to_BLE_peripheral_test.a(I2C_1_I2C_MASTER.o)
                0x00001fa0                I2C_1_I2CMasterClearStatus
 .text.I2C_1_I2CReStartGeneration
                0x00001fd0       0x38 .\CortexM0\ARM_GCC_541\Debug\UART_to_BLE_peripheral_test.a(I2C_1_I2C_MASTER.o)
                0x00001fd0                I2C_1_I2CReStartGeneration
 .text          0x00002008       0x20 .\CortexM0\ARM_GCC_541\Debug\UART_to_BLE_peripheral_test.a(CyBootAsmGnu.o)
                0x00002008                CyDelayCycles
                0x0000201a                CyEnterCriticalSection
                0x00002022                CyExitCriticalSection
 .text.UART_SPI_UART_ISR
                0x00002028      0x120 .\CortexM0\ARM_GCC_541\Debug\UART_to_BLE_peripheral_test.a(UART_SPI_UART_INT.o)
                0x00002028                UART_SPI_UART_ISR
 .text.I2C_1_I2C_ISR
                0x00002148      0x454 .\CortexM0\ARM_GCC_541\Debug\UART_to_BLE_peripheral_test.a(I2C_1_I2C_INT.o)
                0x00002148                I2C_1_I2C_ISR
 .text.CyBLE_Bless_LlRegWrite
                0x0000259c       0x20 .\CortexM0\ARM_GCC_541\Debug\UART_to_BLE_peripheral_test.a(BLE_HAL_PVT.o)
                0x0000259c                CyBLE_Bless_LlRegWrite
 .text.CyBLE_Bless_RfRegWrite
                0x000025bc       0x20 .\CortexM0\ARM_GCC_541\Debug\UART_to_BLE_peripheral_test.a(BLE_HAL_PVT.o)
                0x000025bc                CyBLE_Bless_RfRegWrite
 .text.CyBLE_BlessDeviceConfig
                0x000025dc      0x194 .\CortexM0\ARM_GCC_541\Debug\UART_to_BLE_peripheral_test.a(BLE_HAL_PVT.o)
                0x000025dc                CyBLE_BlessDeviceConfig
 .text.CyBleHal_DelayUs
                0x00002770       0x20 .\CortexM0\ARM_GCC_541\Debug\UART_to_BLE_peripheral_test.a(BLE_HAL_PVT.o)
                0x00002770                CyBleHal_DelayUs
 .text.CyBleHal_DelayMs
                0x00002790       0x18 .\CortexM0\ARM_GCC_541\Debug\UART_to_BLE_peripheral_test.a(BLE_HAL_PVT.o)
                0x00002790                CyBleHal_DelayMs
 .text.CyBleHal_EnableGlobalInterrupts
                0x000027a8       0x10 .\CortexM0\ARM_GCC_541\Debug\UART_to_BLE_peripheral_test.a(BLE_HAL_PVT.o)
                0x000027a8                CyBleHal_EnableGlobalInterrupts
 .text.CyBleHal_DisableGlobalInterrupts
                0x000027b8       0x10 .\CortexM0\ARM_GCC_541\Debug\UART_to_BLE_peripheral_test.a(BLE_HAL_PVT.o)
                0x000027b8                CyBleHal_DisableGlobalInterrupts
 .text.CyBle_HalInit
                0x000027c8       0x20 .\CortexM0\ARM_GCC_541\Debug\UART_to_BLE_peripheral_test.a(BLE_HAL_PVT.o)
                0x000027c8                CyBle_HalInit
 .text.CYBLE_BlessStart
                0x000027e8       0x18 .\CortexM0\ARM_GCC_541\Debug\UART_to_BLE_peripheral_test.a(BLE_HAL_PVT.o)
                0x000027e8                CYBLE_BlessStart
 .text.CyBLE_GetIpBlockVersion
                0x00002800       0x10 .\CortexM0\ARM_GCC_541\Debug\UART_to_BLE_peripheral_test.a(BLE_HAL_PVT.o)
                0x00002800                CyBLE_GetIpBlockVersion
 .text.CyBle_Hal_pairing_local_public_key_handler
                0x00002810       0x14 .\CortexM0\ARM_GCC_541\Debug\UART_to_BLE_peripheral_test.a(BLE_HAL_PVT.o)
                0x00002810                CyBle_Hal_pairing_local_public_key_handler
 .text.CyBle_Hal_pairing_remote_key_handler
                0x00002824       0x14 .\CortexM0\ARM_GCC_541\Debug\UART_to_BLE_peripheral_test.a(BLE_HAL_PVT.o)
                0x00002824                CyBle_Hal_pairing_remote_key_handler
 .text.CyBle_Hal_pairing_dhkey_handler
                0x00002838       0x14 .\CortexM0\ARM_GCC_541\Debug\UART_to_BLE_peripheral_test.a(BLE_HAL_PVT.o)
                0x00002838                CyBle_Hal_pairing_dhkey_handler
 .text.CyBle_Hal_pairing_dhkey_check_handler
                0x0000284c       0x14 .\CortexM0\ARM_GCC_541\Debug\UART_to_BLE_peripheral_test.a(BLE_HAL_PVT.o)
                0x0000284c                CyBle_Hal_pairing_dhkey_check_handler
 .text.CyBle_Hal_pairing_keypress_notification_handler
                0x00002860       0x14 .\CortexM0\ARM_GCC_541\Debug\UART_to_BLE_peripheral_test.a(BLE_HAL_PVT.o)
                0x00002860                CyBle_Hal_pairing_keypress_notification_handler
 .text.CyBle_Hal_pairing_rand_handler
                0x00002874       0x14 .\CortexM0\ARM_GCC_541\Debug\UART_to_BLE_peripheral_test.a(BLE_HAL_PVT.o)
                0x00002874                CyBle_Hal_pairing_rand_handler
 .text.CyBle_Hal_pairing_confirm_handler
                0x00002888       0x14 .\CortexM0\ARM_GCC_541\Debug\UART_to_BLE_peripheral_test.a(BLE_HAL_PVT.o)
                0x00002888                CyBle_Hal_pairing_confirm_handler
 .text.CyBle_Hal_pairing_lr_confirming_handler
                0x0000289c       0x14 .\CortexM0\ARM_GCC_541\Debug\UART_to_BLE_peripheral_test.a(BLE_HAL_PVT.o)
                0x0000289c                CyBle_Hal_pairing_lr_confirming_handler
 .text.CyBle_Hal_pairing_sc_tbx_local_pubkey_generate_complete
                0x000028b0        0xc .\CortexM0\ARM_GCC_541\Debug\UART_to_BLE_peripheral_test.a(BLE_HAL_PVT.o)
                0x000028b0                CyBle_Hal_pairing_sc_tbx_local_pubkey_generate_complete
 .text.CyBle_Hal_pairing_sc_tbx_generate_local_P256_public_key
                0x000028bc       0x18 .\CortexM0\ARM_GCC_541\Debug\UART_to_BLE_peripheral_test.a(BLE_HAL_PVT.o)
                0x000028bc                CyBle_Hal_pairing_sc_tbx_generate_local_P256_public_key
 .text.CyBle_Hal_se_smp_sc_user_passkey_handler
                0x000028d4       0x14 .\CortexM0\ARM_GCC_541\Debug\UART_to_BLE_peripheral_test.a(BLE_HAL_PVT.o)
                0x000028d4                CyBle_Hal_se_smp_sc_user_passkey_handler
 .text.CyBle_Hal_EccPointMult
                0x000028e8        0xc .\CortexM0\ARM_GCC_541\Debug\UART_to_BLE_peripheral_test.a(BLE_HAL_PVT.o)
                0x000028e8                CyBle_Hal_EccPointMult
 .text.BLE_bless_isr_StartEx
                0x000028f4       0x28 .\CortexM0\ARM_GCC_541\Debug\UART_to_BLE_peripheral_test.a(BLE_bless_isr.o)
                0x000028f4                BLE_bless_isr_StartEx
 .text.BLE_bless_isr_SetVector
                0x0000291c       0x1c .\CortexM0\ARM_GCC_541\Debug\UART_to_BLE_peripheral_test.a(BLE_bless_isr.o)
                0x0000291c                BLE_bless_isr_SetVector
 .text.BLE_bless_isr_SetPriority
                0x00002938       0x50 .\CortexM0\ARM_GCC_541\Debug\UART_to_BLE_peripheral_test.a(BLE_bless_isr.o)
                0x00002938                BLE_bless_isr_SetPriority
 .text.BLE_bless_isr_Enable
                0x00002988       0x18 .\CortexM0\ARM_GCC_541\Debug\UART_to_BLE_peripheral_test.a(BLE_bless_isr.o)
                0x00002988                BLE_bless_isr_Enable
 .text.BLE_bless_isr_Disable
                0x000029a0       0x18 .\CortexM0\ARM_GCC_541\Debug\UART_to_BLE_peripheral_test.a(BLE_bless_isr.o)
                0x000029a0                BLE_bless_isr_Disable
 .text.CySysPmSleep
                0x000029b8       0x34 .\CortexM0\ARM_GCC_541\Debug\UART_to_BLE_peripheral_test.a(cyPm.o)
                0x000029b8                CySysPmSleep
 .text.CyBLE_Bless_Interrupt
                0x000029ec       0x10 .\CortexM0\ARM_GCC_541\Debug\UART_to_BLE_peripheral_test.a(BLE_HAL_INT.o)
                0x000029ec                CyBLE_Bless_Interrupt
 .text          0x000029fc      0x114 c:/program files (x86)/cypress/psoc creator/4.1/psoc creator/import/gnu/arm/5.4.1/bin/../lib/gcc/arm-none-eabi/5.4.1/armv6-m\libgcc.a(_udivsi3.o)
                0x000029fc                __aeabi_uidiv
                0x000029fc                __udivsi3
                0x00002b08                __aeabi_uidivmod
 .text          0x00002b10      0x1d4 c:/program files (x86)/cypress/psoc creator/4.1/psoc creator/import/gnu/arm/5.4.1/bin/../lib/gcc/arm-none-eabi/5.4.1/armv6-m\libgcc.a(_divsi3.o)
                0x00002b10                __divsi3
                0x00002b10                __aeabi_idiv
                0x00002cdc                __aeabi_idivmod
 .text          0x00002ce4        0x4 c:/program files (x86)/cypress/psoc creator/4.1/psoc creator/import/gnu/arm/5.4.1/bin/../lib/gcc/arm-none-eabi/5.4.1/armv6-m\libgcc.a(_dvmd_tls.o)
                0x00002ce4                __aeabi_idiv0
                0x00002ce4                __aeabi_ldiv0
 .text          0x00002ce8      0x234 c:/program files (x86)/cypress/psoc creator/4.1/psoc creator/import/gnu/arm/5.4.1/bin/../lib/gcc/arm-none-eabi/5.4.1/armv6-m\libgcc.a(divsf3.o)
                0x00002ce8                __aeabi_fdiv
 .text          0x00002f1c      0x228 c:/program files (x86)/cypress/psoc creator/4.1/psoc creator/import/gnu/arm/5.4.1/bin/../lib/gcc/arm-none-eabi/5.4.1/armv6-m\libgcc.a(mulsf3.o)
                0x00002f1c                __aeabi_fmul
 .text          0x00003144      0x30c c:/program files (x86)/cypress/psoc creator/4.1/psoc creator/import/gnu/arm/5.4.1/bin/../lib/gcc/arm-none-eabi/5.4.1/armv6-m\libgcc.a(subsf3.o)
                0x00003144                __aeabi_fsub
 .text          0x00003450       0x44 c:/program files (x86)/cypress/psoc creator/4.1/psoc creator/import/gnu/arm/5.4.1/bin/../lib/gcc/arm-none-eabi/5.4.1/armv6-m\libgcc.a(fixsfsi.o)
                0x00003450                __aeabi_f2iz
 .text          0x00003494       0x90 c:/program files (x86)/cypress/psoc creator/4.1/psoc creator/import/gnu/arm/5.4.1/bin/../lib/gcc/arm-none-eabi/5.4.1/armv6-m\libgcc.a(floatsisf.o)
                0x00003494                __aeabi_i2f
 .text          0x00003524      0x4f4 c:/program files (x86)/cypress/psoc creator/4.1/psoc creator/import/gnu/arm/5.4.1/bin/../lib/gcc/arm-none-eabi/5.4.1/armv6-m\libgcc.a(muldf3.o)
                0x00003524                __aeabi_dmul
 .text          0x00003a18      0x6a8 c:/program files (x86)/cypress/psoc creator/4.1/psoc creator/import/gnu/arm/5.4.1/bin/../lib/gcc/arm-none-eabi/5.4.1/armv6-m\libgcc.a(subdf3.o)
                0x00003a18                __aeabi_dsub
 .text          0x000040c0       0xa8 c:/program files (x86)/cypress/psoc creator/4.1/psoc creator/import/gnu/arm/5.4.1/bin/../lib/gcc/arm-none-eabi/5.4.1/armv6-m\libgcc.a(extendsfdf2.o)
                0x000040c0                __aeabi_f2d
 .text          0x00004168      0x118 c:/program files (x86)/cypress/psoc creator/4.1/psoc creator/import/gnu/arm/5.4.1/bin/../lib/gcc/arm-none-eabi/5.4.1/armv6-m\libgcc.a(truncdfsf2.o)
                0x00004168                __aeabi_d2f
 .text          0x00004280       0x3c c:/program files (x86)/cypress/psoc creator/4.1/psoc creator/import/gnu/arm/5.4.1/bin/../lib/gcc/arm-none-eabi/5.4.1/armv6-m\libgcc.a(_clzsi2.o)
                0x00004280                __clzsi2
 .text.__errno  0x000042bc        0xc c:/program files (x86)/cypress/psoc creator/4.1/psoc creator/import/gnu/arm/5.4.1/bin/../lib/gcc/arm-none-eabi/5.4.1/../../../../arm-none-eabi/lib/armv6-m\libg_nano.a(lib_a-errno.o)
                0x000042bc                __errno
 .text.__libc_init_array
                0x000042c8       0x4c c:/program files (x86)/cypress/psoc creator/4.1/psoc creator/import/gnu/arm/5.4.1/bin/../lib/gcc/arm-none-eabi/5.4.1/../../../../arm-none-eabi/lib/armv6-m\libg_nano.a(lib_a-init.o)
                0x000042c8                __libc_init_array
 .text.memcmp   0x00004314       0x1e c:/program files (x86)/cypress/psoc creator/4.1/psoc creator/import/gnu/arm/5.4.1/bin/../lib/gcc/arm-none-eabi/5.4.1/../../../../arm-none-eabi/lib/armv6-m\libg_nano.a(lib_a-memcmp.o)
                0x00004314                memcmp
 .text.memcpy   0x00004332       0x12 c:/program files (x86)/cypress/psoc creator/4.1/psoc creator/import/gnu/arm/5.4.1/bin/../lib/gcc/arm-none-eabi/5.4.1/../../../../arm-none-eabi/lib/armv6-m\libg_nano.a(lib_a-memcpy-stub.o)
                0x00004332                memcpy
 .text.memset   0x00004344       0x10 c:/program files (x86)/cypress/psoc creator/4.1/psoc creator/import/gnu/arm/5.4.1/bin/../lib/gcc/arm-none-eabi/5.4.1/../../../../arm-none-eabi/lib/armv6-m\libg_nano.a(lib_a-memset.o)
                0x00004344                memset
 *(.plt)
 *(.gnu.warning)
 *(.glue_7t)
 .glue_7t       0x00004354        0x0 linker stubs
 *(.glue_7)
 .glue_7        0x00004354        0x0 linker stubs
 *(.vfp11_veneer)
 .vfp11_veneer  0x00004354        0x0 linker stubs
 *(.bootloader)
 *(.ARM.extab* .gnu.linkonce.armextab.*)
 *(.gcc_except_table)

.v4_bx          0x00004354        0x0
 .v4_bx         0x00004354        0x0 linker stubs

.iplt           0x00004354        0x0
 .iplt          0x00004354        0x0 c:/program files (x86)/cypress/psoc creator/4.1/psoc creator/import/gnu/arm/5.4.1/bin/../lib/gcc/arm-none-eabi/5.4.1/armv6-m/crtbegin.o

i.CyBle_ControllerGetFeatureHeapReq
                0x00004354       0x58
 i.CyBle_ControllerGetFeatureHeapReq
                0x00004354       0x58 ..\..\..\PSoC Creator\4.1\Downloads ( 4.1).cylib\BLE_v3_40\Library\gccCyBLEStack_BLE_SOC_PERIPHERAL.a(CyBle.o)
                0x00004354                CyBle_ControllerGetFeatureHeapReq

i.CyBle_EnableDefaultDevicePrivacy
                0x000043ac        0x8
 i.CyBle_EnableDefaultDevicePrivacy
                0x000043ac        0x8 ..\..\..\PSoC Creator\4.1\Downloads ( 4.1).cylib\BLE_v3_40\Library\gccCyBLEStack_BLE_SOC_PERIPHERAL.a(CyBle.o)
                0x000043ac                CyBle_EnableDefaultDevicePrivacy

i.CyBle_EnterLPM
                0x000043b4        0x8
 i.CyBle_EnterLPM
                0x000043b4        0x8 ..\..\..\PSoC Creator\4.1\Downloads ( 4.1).cylib\BLE_v3_40\Library\gccCyBLEStack_BLE_SOC_PERIPHERAL.a(CyBle.o)
                0x000043b4                CyBle_EnterLPM

i.CyBle_ExitLPM
                0x000043bc        0x8
 i.CyBle_ExitLPM
                0x000043bc        0x8 ..\..\..\PSoC Creator\4.1\Downloads ( 4.1).cylib\BLE_v3_40\Library\gccCyBLEStack_BLE_SOC_PERIPHERAL.a(CyBle.o)
                0x000043bc                CyBle_ExitLPM

i.CyBle_ProcessEvents
                0x000043c4        0x8
 i.CyBle_ProcessEvents
                0x000043c4        0x8 ..\..\..\PSoC Creator\4.1\Downloads ( 4.1).cylib\BLE_v3_40\Library\gccCyBLEStack_BLE_SOC_PERIPHERAL.a(CyBle.o)
                0x000043c4                CyBle_ProcessEvents

i.CyBle_SetDeviceAddress
                0x000043cc       0x24
 i.CyBle_SetDeviceAddress
                0x000043cc       0x24 ..\..\..\PSoC Creator\4.1\Downloads ( 4.1).cylib\BLE_v3_40\Library\gccCyBLEStack_BLE_SOC_PERIPHERAL.a(CyBle.o)
                0x000043cc                CyBle_SetDeviceAddress

i.CyBle_StackGetFeatureConfig
                0x000043f0       0x38
 i.CyBle_StackGetFeatureConfig
                0x000043f0       0x38 ..\..\..\PSoC Creator\4.1\Downloads ( 4.1).cylib\BLE_v3_40\Library\gccCyBLEStack_BLE_SOC_PERIPHERAL.a(CyBle.o)
                0x000043f0                CyBle_StackGetFeatureConfig

i.CyBle_StackInit
                0x00004428      0x154
 i.CyBle_StackInit
                0x00004428      0x154 ..\..\..\PSoC Creator\4.1\Downloads ( 4.1).cylib\BLE_v3_40\Library\gccCyBLEStack_BLE_SOC_PERIPHERAL.a(CyBle.o)
                0x00004428                CyBle_StackInit

i.CyBle_StackSetFeatureConfig
                0x0000457c       0xe8
 i.CyBle_StackSetFeatureConfig
                0x0000457c       0xe8 ..\..\..\PSoC Creator\4.1\Downloads ( 4.1).cylib\BLE_v3_40\Library\gccCyBLEStack_BLE_SOC_PERIPHERAL.a(CyBle.o)
                0x0000457c                CyBle_StackSetFeatureConfig

i.CyBle_StackValidateInputParams
                0x00004664       0xf4
 i.CyBle_StackValidateInputParams
                0x00004664       0xf4 ..\..\..\PSoC Creator\4.1\Downloads ( 4.1).cylib\BLE_v3_40\Library\gccCyBLEStack_BLE_SOC_PERIPHERAL.a(CyBle.o)

i.__ARM_common_switch8
                0x00004758       0x1a
 i.__ARM_common_switch8
                0x00004758       0x1a ..\..\..\PSoC Creator\4.1\Downloads ( 4.1).cylib\BLE_v3_40\Library\gccCyBLEStack_BLE_SOC_PERIPHERAL.a(CyBle.o)
                0x00004758                __ARM_common_switch8

i.CyBleStackMgr_Init
                0x00004774      0x10c
 i.CyBleStackMgr_Init
                0x00004774      0x10c ..\..\..\PSoC Creator\4.1\Downloads ( 4.1).cylib\BLE_v3_40\Library\gccCyBLEStack_BLE_SOC_PERIPHERAL.a(CyBleStackMgrIP_Interface.o)
                0x00004774                CyBleStackMgr_Init

i.CyBleStackMgr_ProcessBleEvents
                0x00004880       0x14
 i.CyBleStackMgr_ProcessBleEvents
                0x00004880       0x14 ..\..\..\PSoC Creator\4.1\Downloads ( 4.1).cylib\BLE_v3_40\Library\gccCyBLEStack_BLE_SOC_PERIPHERAL.a(CyBleStackMgrIP_Interface.o)
                0x00004880                CyBleStackMgr_ProcessBleEvents

i.CyBle_GetHeapMemory
                0x00004894       0x28
 i.CyBle_GetHeapMemory
                0x00004894       0x28 ..\..\..\PSoC Creator\4.1\Downloads ( 4.1).cylib\BLE_v3_40\Library\gccCyBLEStack_BLE_SOC_PERIPHERAL.a(CyBleStackMgrIP_Interface.o)
                0x00004894                CyBle_GetHeapMemory

i.CyBle_GetNumAppBufferPools
                0x000048bc        0xc
 i.CyBle_GetNumAppBufferPools
                0x000048bc        0xc ..\..\..\PSoC Creator\4.1\Downloads ( 4.1).cylib\BLE_v3_40\Library\gccCyBLEStack_BLE_SOC_PERIPHERAL.a(CyBleStackMgrIP_Interface.o)
                0x000048bc                CyBle_GetNumAppBufferPools

i.CyBle_HostStackBufferPoolInit
                0x000048c8       0xec
 i.CyBle_HostStackBufferPoolInit
                0x000048c8       0xec ..\..\..\PSoC Creator\4.1\Downloads ( 4.1).cylib\BLE_v3_40\Library\gccCyBLEStack_BLE_SOC_PERIPHERAL.a(CyBleStackMgrIP_Interface.o)

i.ble_stack_idle_task_callback
                0x000049b4        0x2
 i.ble_stack_idle_task_callback
                0x000049b4        0x2 ..\..\..\PSoC Creator\4.1\Downloads ( 4.1).cylib\BLE_v3_40\Library\gccCyBLEStack_BLE_SOC_PERIPHERAL.a(CyBleStackMgrIP_Interface.o)
                0x000049b4                ble_stack_idle_task_callback

i.BT_OSFreeBuf  0x000049b8       0x20
 i.BT_OSFreeBuf
                0x000049b8       0x20 ..\..\..\PSoC Creator\4.1\Downloads ( 4.1).cylib\BLE_v3_40\Library\gccCyBLEStack_BLE_SOC_PERIPHERAL.a(BT_os.o)
                0x000049b8                BT_OSFreeBuf

i.BT_OSGetBuF   0x000049d8       0x34
 i.BT_OSGetBuF  0x000049d8       0x34 ..\..\..\PSoC Creator\4.1\Downloads ( 4.1).cylib\BLE_v3_40\Library\gccCyBLEStack_BLE_SOC_PERIPHERAL.a(BT_os.o)
                0x000049d8                BT_OSGetBuF

i.BT_OSMemCreate
                0x00004a0c       0x3c
 i.BT_OSMemCreate
                0x00004a0c       0x3c ..\..\..\PSoC Creator\4.1\Downloads ( 4.1).cylib\BLE_v3_40\Library\gccCyBLEStack_BLE_SOC_PERIPHERAL.a(BT_os.o)
                0x00004a0c                BT_OSMemCreate

i.BT_alloc_mem_ext
                0x00004a48       0x3c
 i.BT_alloc_mem_ext
                0x00004a48       0x3c ..\..\..\PSoC Creator\4.1\Downloads ( 4.1).cylib\BLE_v3_40\Library\gccCyBLEStack_BLE_SOC_PERIPHERAL.a(BT_os.o)
                0x00004a48                BT_alloc_mem_ext

i.BT_free_mem   0x00004a84        0xc
 i.BT_free_mem  0x00004a84        0xc ..\..\..\PSoC Creator\4.1\Downloads ( 4.1).cylib\BLE_v3_40\Library\gccCyBLEStack_BLE_SOC_PERIPHERAL.a(BT_os.o)
                0x00004a84                BT_free_mem

i.bt_stack_create_buffer_pool
                0x00004a90       0x30
 i.bt_stack_create_buffer_pool
                0x00004a90       0x30 ..\..\..\PSoC Creator\4.1\Downloads ( 4.1).cylib\BLE_v3_40\Library\gccCyBLEStack_BLE_SOC_PERIPHERAL.a(BT_os.o)
                0x00004a90                bt_stack_create_buffer_pool

i.BT_start_timer
                0x00004ac0       0xa8
 i.BT_start_timer
                0x00004ac0       0xa8 ..\..\..\PSoC Creator\4.1\Downloads ( 4.1).cylib\BLE_v3_40\Library\gccCyBLEStack_BLE_SOC_PERIPHERAL.a(BT_timer.o)
                0x00004ac0                BT_start_timer

i.BT_stop_timer
                0x00004b68       0x64
 i.BT_stop_timer
                0x00004b68       0x64 ..\..\..\PSoC Creator\4.1\Downloads ( 4.1).cylib\BLE_v3_40\Library\gccCyBLEStack_BLE_SOC_PERIPHERAL.a(BT_timer.o)
                0x00004b68                BT_stop_timer

i.BT_timer_process_signals
                0x00004bcc       0xa4
 i.BT_timer_process_signals
                0x00004bcc       0xa4 ..\..\..\PSoC Creator\4.1\Downloads ( 4.1).cylib\BLE_v3_40\Library\gccCyBLEStack_BLE_SOC_PERIPHERAL.a(BT_timer.o)
                0x00004bcc                BT_timer_process_signals

i.pf_timer_handle_callback
                0x00004c70       0x20
 i.pf_timer_handle_callback
                0x00004c70       0x20 ..\..\..\PSoC Creator\4.1\Downloads ( 4.1).cylib\BLE_v3_40\Library\gccCyBLEStack_BLE_SOC_PERIPHERAL.a(BT_timer.o)
                0x00004c70                pf_timer_handle_callback

i.timer_active_entity
                0x00004c90       0x24
 i.timer_active_entity
                0x00004c90       0x24 ..\..\..\PSoC Creator\4.1\Downloads ( 4.1).cylib\BLE_v3_40\Library\gccCyBLEStack_BLE_SOC_PERIPHERAL.a(BT_timer.o)
                0x00004c90                timer_active_entity

i.timer_alloc_entity
                0x00004cb4       0x1c
 i.timer_alloc_entity
                0x00004cb4       0x1c ..\..\..\PSoC Creator\4.1\Downloads ( 4.1).cylib\BLE_v3_40\Library\gccCyBLEStack_BLE_SOC_PERIPHERAL.a(BT_timer.o)
                0x00004cb4                timer_alloc_entity

i.timer_allocated_entity
                0x00004cd0       0x34
 i.timer_allocated_entity
                0x00004cd0       0x34 ..\..\..\PSoC Creator\4.1\Downloads ( 4.1).cylib\BLE_v3_40\Library\gccCyBLEStack_BLE_SOC_PERIPHERAL.a(BT_timer.o)
                0x00004cd0                timer_allocated_entity

i.timer_bt_init
                0x00004d04        0x2
 i.timer_bt_init
                0x00004d04        0x2 ..\..\..\PSoC Creator\4.1\Downloads ( 4.1).cylib\BLE_v3_40\Library\gccCyBLEStack_BLE_SOC_PERIPHERAL.a(BT_timer.o)
                0x00004d04                timer_bt_init

i.timer_init    0x00004d08       0x28
 i.timer_init   0x00004d08       0x28 ..\..\..\PSoC Creator\4.1\Downloads ( 4.1).cylib\BLE_v3_40\Library\gccCyBLEStack_BLE_SOC_PERIPHERAL.a(BT_timer.o)
                0x00004d08                timer_init

i.timer_update_offsets
                0x00004d30       0x2c
 i.timer_update_offsets
                0x00004d30       0x2c ..\..\..\PSoC Creator\4.1\Downloads ( 4.1).cylib\BLE_v3_40\Library\gccCyBLEStack_BLE_SOC_PERIPHERAL.a(BT_timer.o)

i.CyBle_CheckBleStackTaskStatus
                0x00004d5c        0x4
 i.CyBle_CheckBleStackTaskStatus
                0x00004d5c        0x4 ..\..\..\PSoC Creator\4.1\Downloads ( 4.1).cylib\BLE_v3_40\Library\gccCyBLEStack_BLE_SOC_PERIPHERAL.a(CyBleStackMgr_StackTaskHandler.o)
                0x00004d5c                CyBle_CheckBleStackTaskStatus

i.CyBle_CreateBleStackTask
                0x00004d60       0x2c
 i.CyBle_CreateBleStackTask
                0x00004d60       0x2c ..\..\..\PSoC Creator\4.1\Downloads ( 4.1).cylib\BLE_v3_40\Library\gccCyBLEStack_BLE_SOC_PERIPHERAL.a(CyBleStackMgr_StackTaskHandler.o)
                0x00004d60                CyBle_CreateBleStackTask

i.CyBle_SignalBleStackTask
                0x00004d8c       0x50
 i.CyBle_SignalBleStackTask
                0x00004d8c       0x50 ..\..\..\PSoC Creator\4.1\Downloads ( 4.1).cylib\BLE_v3_40\Library\gccCyBLEStack_BLE_SOC_PERIPHERAL.a(CyBleStackMgr_StackTaskHandler.o)
                0x00004d8c                CyBle_SignalBleStackTask

i.CyBle_StackTaskHandler
                0x00004ddc       0x64
 i.CyBle_StackTaskHandler
                0x00004ddc       0x64 ..\..\..\PSoC Creator\4.1\Downloads ( 4.1).cylib\BLE_v3_40\Library\gccCyBLEStack_BLE_SOC_PERIPHERAL.a(CyBleStackMgr_StackTaskHandler.o)
                0x00004ddc                CyBle_StackTaskHandler

i.hci_soft_transport_notify_data_received
                0x00004e40        0xc
 i.hci_soft_transport_notify_data_received
                0x00004e40        0xc ..\..\..\PSoC Creator\4.1\Downloads ( 4.1).cylib\BLE_v3_40\Library\gccCyBLEStack_BLE_SOC_PERIPHERAL.a(transport_sf.o)
                0x00004e40                hci_soft_transport_notify_data_received

i.hci_soft_transport_rx_data
                0x00004e4c       0x40
 i.hci_soft_transport_rx_data
                0x00004e4c       0x40 ..\..\..\PSoC Creator\4.1\Downloads ( 4.1).cylib\BLE_v3_40\Library\gccCyBLEStack_BLE_SOC_PERIPHERAL.a(transport_sf.o)
                0x00004e4c                hci_soft_transport_rx_data

i.hci_transport_bt_init
                0x00004e8c        0x2
 i.hci_transport_bt_init
                0x00004e8c        0x2 ..\..\..\PSoC Creator\4.1\Downloads ( 4.1).cylib\BLE_v3_40\Library\gccCyBLEStack_BLE_SOC_PERIPHERAL.a(transport_sf.o)
                0x00004e8c                hci_transport_bt_init

i.hci_transport_init
                0x00004e90       0x10
 i.hci_transport_init
                0x00004e90       0x10 ..\..\..\PSoC Creator\4.1\Downloads ( 4.1).cylib\BLE_v3_40\Library\gccCyBLEStack_BLE_SOC_PERIPHERAL.a(transport_sf.o)
                0x00004e90                hci_transport_init

i.hci_transport_write_data
                0x00004ea0       0xd4
 i.hci_transport_write_data
                0x00004ea0       0xd4 ..\..\..\PSoC Creator\4.1\Downloads ( 4.1).cylib\BLE_v3_40\Library\gccCyBLEStack_BLE_SOC_PERIPHERAL.a(transport_sf.o)
                0x00004ea0                hci_transport_write_data

i.pf_hci_soft_transport_write
                0x00004f74       0x44
 i.pf_hci_soft_transport_write
                0x00004f74       0x44 ..\..\..\PSoC Creator\4.1\Downloads ( 4.1).cylib\BLE_v3_40\Library\gccCyBLEStack_BLE_SOC_PERIPHERAL.a(transport_sf.o)
                0x00004f74                pf_hci_soft_transport_write

i.pf_soft_hci_transport_init
                0x00004fb8        0xc
 i.pf_soft_hci_transport_init
                0x00004fb8        0xc ..\..\..\PSoC Creator\4.1\Downloads ( 4.1).cylib\BLE_v3_40\Library\gccCyBLEStack_BLE_SOC_PERIPHERAL.a(transport_sf.o)
                0x00004fb8                pf_soft_hci_transport_init

i.CyBleStackMgr_GetTime
                0x00004fc4       0x14
 i.CyBleStackMgr_GetTime
                0x00004fc4       0x14 ..\..\..\PSoC Creator\4.1\Downloads ( 4.1).cylib\BLE_v3_40\Library\gccCyBLEStack_BLE_SOC_PERIPHERAL.a(CyBleStackMgr_PSoCHal.o)
                0x00004fc4                CyBleStackMgr_GetTime

i.CyBleStackMgr_HalInit
                0x00004fd8       0x24
 i.CyBleStackMgr_HalInit
                0x00004fd8       0x24 ..\..\..\PSoC Creator\4.1\Downloads ( 4.1).cylib\BLE_v3_40\Library\gccCyBLEStack_BLE_SOC_PERIPHERAL.a(CyBleStackMgr_PSoCHal.o)
                0x00004fd8                CyBleStackMgr_HalInit

i.CyBleStackMgr_HalIntrEnable
                0x00004ffc        0x8
 i.CyBleStackMgr_HalIntrEnable
                0x00004ffc        0x8 ..\..\..\PSoC Creator\4.1\Downloads ( 4.1).cylib\BLE_v3_40\Library\gccCyBLEStack_BLE_SOC_PERIPHERAL.a(CyBleStackMgr_PSoCHal.o)
                0x00004ffc                CyBleStackMgr_HalIntrEnable

i.CyBleStackMgr_HandleLinkLayerTick
                0x00005004       0x5c
 i.CyBleStackMgr_HandleLinkLayerTick
                0x00005004       0x5c ..\..\..\PSoC Creator\4.1\Downloads ( 4.1).cylib\BLE_v3_40\Library\gccCyBLEStack_BLE_SOC_PERIPHERAL.a(CyBleStackMgr_PSoCHal.o)
                0x00005004                CyBleStackMgr_HandleLinkLayerTick

i.CyBleStackMgr_HciPortInit
                0x00005060        0xc
 i.CyBleStackMgr_HciPortInit
                0x00005060        0xc ..\..\..\PSoC Creator\4.1\Downloads ( 4.1).cylib\BLE_v3_40\Library\gccCyBLEStack_BLE_SOC_PERIPHERAL.a(CyBleStackMgr_PSoCHal.o)
                0x00005060                CyBleStackMgr_HciPortInit

i.CyBleStackMgr_HciPortReset
                0x0000506c        0x2
 i.CyBleStackMgr_HciPortReset
                0x0000506c        0x2 ..\..\..\PSoC Creator\4.1\Downloads ( 4.1).cylib\BLE_v3_40\Library\gccCyBLEStack_BLE_SOC_PERIPHERAL.a(CyBleStackMgr_PSoCHal.o)
                0x0000506c                CyBleStackMgr_HciPortReset

i.CyBleStackMgr_HciPortWrite
                0x0000506e        0x8
 i.CyBleStackMgr_HciPortWrite
                0x0000506e        0x8 ..\..\..\PSoC Creator\4.1\Downloads ( 4.1).cylib\BLE_v3_40\Library\gccCyBLEStack_BLE_SOC_PERIPHERAL.a(CyBleStackMgr_PSoCHal.o)
                0x0000506e                CyBleStackMgr_HciPortWrite

i.CyBleStackMgr_ResetLinkLayerTimerEntity
                0x00005078       0x14
 i.CyBleStackMgr_ResetLinkLayerTimerEntity
                0x00005078       0x14 ..\..\..\PSoC Creator\4.1\Downloads ( 4.1).cylib\BLE_v3_40\Library\gccCyBLEStack_BLE_SOC_PERIPHERAL.a(CyBleStackMgr_PSoCHal.o)
                0x00005078                CyBleStackMgr_ResetLinkLayerTimerEntity

i.CyBleStackMgr_TimerStart
                0x0000508c       0x2c
 i.CyBleStackMgr_TimerStart
                0x0000508c       0x2c ..\..\..\PSoC Creator\4.1\Downloads ( 4.1).cylib\BLE_v3_40\Library\gccCyBLEStack_BLE_SOC_PERIPHERAL.a(CyBleStackMgr_PSoCHal.o)
                0x0000508c                CyBleStackMgr_TimerStart

i.CyBleStackMgr_TimerStop
                0x000050b8       0x18
 i.CyBleStackMgr_TimerStop
                0x000050b8       0x18 ..\..\..\PSoC Creator\4.1\Downloads ( 4.1).cylib\BLE_v3_40\Library\gccCyBLEStack_BLE_SOC_PERIPHERAL.a(CyBleStackMgr_PSoCHal.o)
                0x000050b8                CyBleStackMgr_TimerStop

i.CyBleStackMgr_isTimerRunning
                0x000050d0       0x10
 i.CyBleStackMgr_isTimerRunning
                0x000050d0       0x10 ..\..\..\PSoC Creator\4.1\Downloads ( 4.1).cylib\BLE_v3_40\Library\gccCyBLEStack_BLE_SOC_PERIPHERAL.a(CyBleStackMgr_PSoCHal.o)
                0x000050d0                CyBleStackMgr_isTimerRunning

i.CyBleAtlantisRadioInit
                0x000050e0      0x168
 i.CyBleAtlantisRadioInit
                0x000050e0      0x168 ..\..\..\PSoC Creator\4.1\Downloads ( 4.1).cylib\BLE_v3_40\Library\gccCyBLEStack_BLE_SOC_PERIPHERAL.a(CyBleStackMgr_BleSSDriver.o)

i.CyBleStackMgr_BleSSFifoRead
                0x00005248       0x38
 i.CyBleStackMgr_BleSSFifoRead
                0x00005248       0x38 ..\..\..\PSoC Creator\4.1\Downloads ( 4.1).cylib\BLE_v3_40\Library\gccCyBLEStack_BLE_SOC_PERIPHERAL.a(CyBleStackMgr_BleSSDriver.o)
                0x00005248                CyBleStackMgr_BleSSFifoRead

i.CyBleStackMgr_BleSSFifoWrite
                0x00005280       0x30
 i.CyBleStackMgr_BleSSFifoWrite
                0x00005280       0x30 ..\..\..\PSoC Creator\4.1\Downloads ( 4.1).cylib\BLE_v3_40\Library\gccCyBLEStack_BLE_SOC_PERIPHERAL.a(CyBleStackMgr_BleSSDriver.o)
                0x00005280                CyBleStackMgr_BleSSFifoWrite

i.CyBleStackMgr_BleSSInit
                0x000052b0       0x50
 i.CyBleStackMgr_BleSSInit
                0x000052b0       0x50 ..\..\..\PSoC Creator\4.1\Downloads ( 4.1).cylib\BLE_v3_40\Library\gccCyBLEStack_BLE_SOC_PERIPHERAL.a(CyBleStackMgr_BleSSDriver.o)
                0x000052b0                CyBleStackMgr_BleSSInit

i.CyBleStackMgr_BleSSMemRead
                0x00005300       0x32
 i.CyBleStackMgr_BleSSMemRead
                0x00005300       0x32 ..\..\..\PSoC Creator\4.1\Downloads ( 4.1).cylib\BLE_v3_40\Library\gccCyBLEStack_BLE_SOC_PERIPHERAL.a(CyBleStackMgr_BleSSDriver.o)
                0x00005300                CyBleStackMgr_BleSSMemRead

i.CyBleStackMgr_BleSSMemWrite
                0x00005334       0x34
 i.CyBleStackMgr_BleSSMemWrite
                0x00005334       0x34 ..\..\..\PSoC Creator\4.1\Downloads ( 4.1).cylib\BLE_v3_40\Library\gccCyBLEStack_BLE_SOC_PERIPHERAL.a(CyBleStackMgr_BleSSDriver.o)
                0x00005334                CyBleStackMgr_BleSSMemWrite

i.CyBleStackMgr_BleSSMemWriteFields
                0x00005368       0x78
 i.CyBleStackMgr_BleSSMemWriteFields
                0x00005368       0x78 ..\..\..\PSoC Creator\4.1\Downloads ( 4.1).cylib\BLE_v3_40\Library\gccCyBLEStack_BLE_SOC_PERIPHERAL.a(CyBleStackMgr_BleSSDriver.o)
                0x00005368                CyBleStackMgr_BleSSMemWriteFields

i.CyBleStackMgr_BleSSRegRead
                0x000053e0        0xc
 i.CyBleStackMgr_BleSSRegRead
                0x000053e0        0xc ..\..\..\PSoC Creator\4.1\Downloads ( 4.1).cylib\BLE_v3_40\Library\gccCyBLEStack_BLE_SOC_PERIPHERAL.a(CyBleStackMgr_BleSSDriver.o)
                0x000053e0                CyBleStackMgr_BleSSRegRead

i.CyBleStackMgr_BleSSReset
                0x000053ec       0x38
 i.CyBleStackMgr_BleSSReset
                0x000053ec       0x38 ..\..\..\PSoC Creator\4.1\Downloads ( 4.1).cylib\BLE_v3_40\Library\gccCyBLEStack_BLE_SOC_PERIPHERAL.a(CyBleStackMgr_BleSSDriver.o)
                0x000053ec                CyBleStackMgr_BleSSReset

i.CyBleStackMgr_BleSSShutdown
                0x00005424       0x3c
 i.CyBleStackMgr_BleSSShutdown
                0x00005424       0x3c ..\..\..\PSoC Creator\4.1\Downloads ( 4.1).cylib\BLE_v3_40\Library\gccCyBLEStack_BLE_SOC_PERIPHERAL.a(CyBleStackMgr_BleSSDriver.o)
                0x00005424                CyBleStackMgr_BleSSShutdown

i.CyBleStackMgr_GenericIface
                0x00005460       0x3c
 i.CyBleStackMgr_GenericIface
                0x00005460       0x3c ..\..\..\PSoC Creator\4.1\Downloads ( 4.1).cylib\BLE_v3_40\Library\gccCyBLEStack_BLE_SOC_PERIPHERAL.a(CyBleStackMgr_BleSSDriver.o)
                0x00005460                CyBleStackMgr_GenericIface

i.CyBleStackMgr_HandleBleSSIntr
                0x0000549c       0xa0
 i.CyBleStackMgr_HandleBleSSIntr
                0x0000549c       0xa0 ..\..\..\PSoC Creator\4.1\Downloads ( 4.1).cylib\BLE_v3_40\Library\gccCyBLEStack_BLE_SOC_PERIPHERAL.a(CyBleStackMgr_BleSSDriver.o)
                0x0000549c                CyBleStackMgr_HandleBleSSIntr

i.CyBleStackMgr_SetClockParam
                0x0000553c       0xb4
 i.CyBleStackMgr_SetClockParam
                0x0000553c       0xb4 ..\..\..\PSoC Creator\4.1\Downloads ( 4.1).cylib\BLE_v3_40\Library\gccCyBLEStack_BLE_SOC_PERIPHERAL.a(CyBleStackMgr_BleSSDriver.o)

i.CyBleStackMgr_isXtalCpuClkSource
                0x000055f0       0x18
 i.CyBleStackMgr_isXtalCpuClkSource
                0x000055f0       0x18 ..\..\..\PSoC Creator\4.1\Downloads ( 4.1).cylib\BLE_v3_40\Library\gccCyBLEStack_BLE_SOC_PERIPHERAL.a(CyBleStackMgr_BleSSDriver.o)
                0x000055f0                CyBleStackMgr_isXtalCpuClkSource

i.CyBle_EnterDsmMode
                0x00005608       0x3c
 i.CyBle_EnterDsmMode
                0x00005608       0x3c ..\..\..\PSoC Creator\4.1\Downloads ( 4.1).cylib\BLE_v3_40\Library\gccCyBLEStack_BLE_SOC_PERIPHERAL.a(CyBleStackMgr_BleSSDriver.o)
                0x00005608                CyBle_EnterDsmMode

i.CyBle_ExitDsmMode
                0x00005644       0x2c
 i.CyBle_ExitDsmMode
                0x00005644       0x2c ..\..\..\PSoC Creator\4.1\Downloads ( 4.1).cylib\BLE_v3_40\Library\gccCyBLEStack_BLE_SOC_PERIPHERAL.a(CyBleStackMgr_BleSSDriver.o)
                0x00005644                CyBle_ExitDsmMode

i.CyBle_GetBleSsOperationalMode
                0x00005670        0xc
 i.CyBle_GetBleSsOperationalMode
                0x00005670        0xc ..\..\..\PSoC Creator\4.1\Downloads ( 4.1).cylib\BLE_v3_40\Library\gccCyBLEStack_BLE_SOC_PERIPHERAL.a(CyBleStackMgr_BleSSDriver.o)
                0x00005670                CyBle_GetBleSsOperationalMode

i.CyBle_GetLpMode
                0x0000567c       0x26
 i.CyBle_GetLpMode
                0x0000567c       0x26 ..\..\..\PSoC Creator\4.1\Downloads ( 4.1).cylib\BLE_v3_40\Library\gccCyBLEStack_BLE_SOC_PERIPHERAL.a(CyBleStackMgr_BleSSDriver.o)
                0x0000567c                CyBle_GetLpMode

i.CyBle_GetTxGainMode
                0x000056a4       0x2c
 i.CyBle_GetTxGainMode
                0x000056a4       0x2c ..\..\..\PSoC Creator\4.1\Downloads ( 4.1).cylib\BLE_v3_40\Library\gccCyBLEStack_BLE_SOC_PERIPHERAL.a(CyBleStackMgr_BleSSDriver.o)
                0x000056a4                CyBle_GetTxGainMode

i.CyBle_SetAutoWakeUp
                0x000056d0        0xc
 i.CyBle_SetAutoWakeUp
                0x000056d0        0xc ..\..\..\PSoC Creator\4.1\Downloads ( 4.1).cylib\BLE_v3_40\Library\gccCyBLEStack_BLE_SOC_PERIPHERAL.a(CyBleStackMgr_BleSSDriver.o)
                0x000056d0                CyBle_SetAutoWakeUp

i.CyBle_SetBleSsOperationalMode
                0x000056dc       0x20
 i.CyBle_SetBleSsOperationalMode
                0x000056dc       0x20 ..\..\..\PSoC Creator\4.1\Downloads ( 4.1).cylib\BLE_v3_40\Library\gccCyBLEStack_BLE_SOC_PERIPHERAL.a(CyBleStackMgr_BleSSDriver.o)
                0x000056dc                CyBle_SetBleSsOperationalMode

i.CyBle_SetEventCloseState
                0x000056fc        0xc
 i.CyBle_SetEventCloseState
                0x000056fc        0xc ..\..\..\PSoC Creator\4.1\Downloads ( 4.1).cylib\BLE_v3_40\Library\gccCyBLEStack_BLE_SOC_PERIPHERAL.a(CyBleStackMgr_BleSSDriver.o)
                0x000056fc                CyBle_SetEventCloseState

i.CyBle_SetRxGainMode
                0x00005708       0x20
 i.CyBle_SetRxGainMode
                0x00005708       0x20 ..\..\..\PSoC Creator\4.1\Downloads ( 4.1).cylib\BLE_v3_40\Library\gccCyBLEStack_BLE_SOC_PERIPHERAL.a(CyBleStackMgr_BleSSDriver.o)
                0x00005708                CyBle_SetRxGainMode

i.CyBle_SetTxGainMode
                0x00005728       0x38
 i.CyBle_SetTxGainMode
                0x00005728       0x38 ..\..\..\PSoC Creator\4.1\Downloads ( 4.1).cylib\BLE_v3_40\Library\gccCyBLEStack_BLE_SOC_PERIPHERAL.a(CyBleStackMgr_BleSSDriver.o)
                0x00005728                CyBle_SetTxGainMode

i.pf_rf_get_abs_rssi
                0x00005760       0x50
 i.pf_rf_get_abs_rssi
                0x00005760       0x50 ..\..\..\PSoC Creator\4.1\Downloads ( 4.1).cylib\BLE_v3_40\Library\gccCyBLEStack_BLE_SOC_PERIPHERAL.a(CyBleStackMgr_BleSSDriver.o)
                0x00005760                pf_rf_get_abs_rssi

i.BleStackFlashStorageInit
                0x000057b0       0x84
 i.BleStackFlashStorageInit
                0x000057b0       0x84 ..\..\..\PSoC Creator\4.1\Downloads ( 4.1).cylib\BLE_v3_40\Library\gccCyBLEStack_BLE_SOC_PERIPHERAL.a(storage_pl.o)
                0x000057b0                BleStackFlashStorageInit

i.BleStackIsFlashCorrupted
                0x00005834       0x3c
 i.BleStackIsFlashCorrupted
                0x00005834       0x3c ..\..\..\PSoC Creator\4.1\Downloads ( 4.1).cylib\BLE_v3_40\Library\gccCyBLEStack_BLE_SOC_PERIPHERAL.a(storage_pl.o)
                0x00005834                BleStackIsFlashCorrupted

i.BleStackWriteToFlashPending
                0x00005870       0x24
 i.BleStackWriteToFlashPending
                0x00005870       0x24 ..\..\..\PSoC Creator\4.1\Downloads ( 4.1).cylib\BLE_v3_40\Library\gccCyBLEStack_BLE_SOC_PERIPHERAL.a(storage_pl.o)
                0x00005870                BleStackWriteToFlashPending

i.BleStackWriteToFlashRam
                0x00005894       0x78
 i.BleStackWriteToFlashRam
                0x00005894       0x78 ..\..\..\PSoC Creator\4.1\Downloads ( 4.1).cylib\BLE_v3_40\Library\gccCyBLEStack_BLE_SOC_PERIPHERAL.a(storage_pl.o)
                0x00005894                BleStackWriteToFlashRam

i.calc_checksum
                0x0000590c       0x1a
 i.calc_checksum
                0x0000590c       0x1a ..\..\..\PSoC Creator\4.1\Downloads ( 4.1).cylib\BLE_v3_40\Library\gccCyBLEStack_BLE_SOC_PERIPHERAL.a(storage_pl.o)
                0x0000590c                calc_checksum

i.storage_bt_init_pl
                0x00005928       0x30
 i.storage_bt_init_pl
                0x00005928       0x30 ..\..\..\PSoC Creator\4.1\Downloads ( 4.1).cylib\BLE_v3_40\Library\gccCyBLEStack_BLE_SOC_PERIPHERAL.a(storage_pl.o)
                0x00005928                storage_bt_init_pl

i.storage_close_pl
                0x00005958        0x4
 i.storage_close_pl
                0x00005958        0x4 ..\..\..\PSoC Creator\4.1\Downloads ( 4.1).cylib\BLE_v3_40\Library\gccCyBLEStack_BLE_SOC_PERIPHERAL.a(storage_pl.o)
                0x00005958                storage_close_pl

i.storage_open_pl
                0x0000595c       0x1c
 i.storage_open_pl
                0x0000595c       0x1c ..\..\..\PSoC Creator\4.1\Downloads ( 4.1).cylib\BLE_v3_40\Library\gccCyBLEStack_BLE_SOC_PERIPHERAL.a(storage_pl.o)
                0x0000595c                storage_open_pl

i.storage_read_pl
                0x00005978       0x28
 i.storage_read_pl
                0x00005978       0x28 ..\..\..\PSoC Creator\4.1\Downloads ( 4.1).cylib\BLE_v3_40\Library\gccCyBLEStack_BLE_SOC_PERIPHERAL.a(storage_pl.o)
                0x00005978                storage_read_pl

i.storage_read_signature_pl
                0x000059a0       0x2c
 i.storage_read_signature_pl
                0x000059a0       0x2c ..\..\..\PSoC Creator\4.1\Downloads ( 4.1).cylib\BLE_v3_40\Library\gccCyBLEStack_BLE_SOC_PERIPHERAL.a(storage_pl.o)
                0x000059a0                storage_read_signature_pl

i.storage_register_flash_pointer
                0x000059cc       0x20
 i.storage_register_flash_pointer
                0x000059cc       0x20 ..\..\..\PSoC Creator\4.1\Downloads ( 4.1).cylib\BLE_v3_40\Library\gccCyBLEStack_BLE_SOC_PERIPHERAL.a(storage_pl.o)
                0x000059cc                storage_register_flash_pointer

i.storage_reset_storage_offset
                0x000059ec       0x10
 i.storage_reset_storage_offset
                0x000059ec       0x10 ..\..\..\PSoC Creator\4.1\Downloads ( 4.1).cylib\BLE_v3_40\Library\gccCyBLEStack_BLE_SOC_PERIPHERAL.a(storage_pl.o)

i.storage_write_pl
                0x000059fc       0x24
 i.storage_write_pl
                0x000059fc       0x24 ..\..\..\PSoC Creator\4.1\Downloads ( 4.1).cylib\BLE_v3_40\Library\gccCyBLEStack_BLE_SOC_PERIPHERAL.a(storage_pl.o)
                0x000059fc                storage_write_pl

i.storage_write_signature_pl
                0x00005a20       0x14
 i.storage_write_signature_pl
                0x00005a20       0x14 ..\..\..\PSoC Creator\4.1\Downloads ( 4.1).cylib\BLE_v3_40\Library\gccCyBLEStack_BLE_SOC_PERIPHERAL.a(storage_pl.o)
                0x00005a20                storage_write_signature_pl

i.OS_init       0x00005a34       0x64
 i.OS_init      0x00005a34       0x64 ..\..\..\PSoC Creator\4.1\Downloads ( 4.1).cylib\BLE_v3_40\Library\gccCyBLEStack_BLE_SOC_PERIPHERAL.a(mint_os.o)
                0x00005a34                OS_init

i.mintos_malloc
                0x00005a98       0x34
 i.mintos_malloc
                0x00005a98       0x34 ..\..\..\PSoC Creator\4.1\Downloads ( 4.1).cylib\BLE_v3_40\Library\gccCyBLEStack_BLE_SOC_PERIPHERAL.a(mint_os.o)
                0x00005a98                mintos_malloc

i.OS_create_queue
                0x00005acc       0x64
 i.OS_create_queue
                0x00005acc       0x64 ..\..\..\PSoC Creator\4.1\Downloads ( 4.1).cylib\BLE_v3_40\Library\gccCyBLEStack_BLE_SOC_PERIPHERAL.a(mint_os_queue.o)
                0x00005acc                OS_create_queue

i.OS_enqueue_item
                0x00005b30       0x8c
 i.OS_enqueue_item
                0x00005b30       0x8c ..\..\..\PSoC Creator\4.1\Downloads ( 4.1).cylib\BLE_v3_40\Library\gccCyBLEStack_BLE_SOC_PERIPHERAL.a(mint_os_queue.o)
                0x00005b30                OS_enqueue_item

i.OS_queue_get_num_of_items
                0x00005bbc       0x28
 i.OS_queue_get_num_of_items
                0x00005bbc       0x28 ..\..\..\PSoC Creator\4.1\Downloads ( 4.1).cylib\BLE_v3_40\Library\gccCyBLEStack_BLE_SOC_PERIPHERAL.a(mint_os_queue.o)
                0x00005bbc                OS_queue_get_num_of_items

i.OS_queue_mgmt_init
                0x00005be4       0x40
 i.OS_queue_mgmt_init
                0x00005be4       0x40 ..\..\..\PSoC Creator\4.1\Downloads ( 4.1).cylib\BLE_v3_40\Library\gccCyBLEStack_BLE_SOC_PERIPHERAL.a(mint_os_queue.o)
                0x00005be4                OS_queue_mgmt_init

i.OS_remove_item
                0x00005c24       0xa0
 i.OS_remove_item
                0x00005c24       0xa0 ..\..\..\PSoC Creator\4.1\Downloads ( 4.1).cylib\BLE_v3_40\Library\gccCyBLEStack_BLE_SOC_PERIPHERAL.a(mint_os_queue.o)
                0x00005c24                OS_remove_item

i.OS_create_task
                0x00005cc4       0x88
 i.OS_create_task
                0x00005cc4       0x88 ..\..\..\PSoC Creator\4.1\Downloads ( 4.1).cylib\BLE_v3_40\Library\gccCyBLEStack_BLE_SOC_PERIPHERAL.a(mint_os_task.o)
                0x00005cc4                OS_create_task

i.OS_isr_send_signal_to_task
                0x00005d4c        0xc
 i.OS_isr_send_signal_to_task
                0x00005d4c        0xc ..\..\..\PSoC Creator\4.1\Downloads ( 4.1).cylib\BLE_v3_40\Library\gccCyBLEStack_BLE_SOC_PERIPHERAL.a(mint_os_task.o)
                0x00005d4c                OS_isr_send_signal_to_task

i.OS_scheduler  0x00005d58       0x64
 i.OS_scheduler
                0x00005d58       0x64 ..\..\..\PSoC Creator\4.1\Downloads ( 4.1).cylib\BLE_v3_40\Library\gccCyBLEStack_BLE_SOC_PERIPHERAL.a(mint_os_task.o)
                0x00005d58                OS_scheduler

i.OS_send_signal_to_task
                0x00005dbc        0xc
 i.OS_send_signal_to_task
                0x00005dbc        0xc ..\..\..\PSoC Creator\4.1\Downloads ( 4.1).cylib\BLE_v3_40\Library\gccCyBLEStack_BLE_SOC_PERIPHERAL.a(mint_os_task.o)
                0x00005dbc                OS_send_signal_to_task

i.OS_send_signal_to_task_context
                0x00005dc8       0x3c
 i.OS_send_signal_to_task_context
                0x00005dc8       0x3c ..\..\..\PSoC Creator\4.1\Downloads ( 4.1).cylib\BLE_v3_40\Library\gccCyBLEStack_BLE_SOC_PERIPHERAL.a(mint_os_task.o)

i.OS_task_mgmt_init
                0x00005e04       0x50
 i.OS_task_mgmt_init
                0x00005e04       0x50 ..\..\..\PSoC Creator\4.1\Downloads ( 4.1).cylib\BLE_v3_40\Library\gccCyBLEStack_BLE_SOC_PERIPHERAL.a(mint_os_task.o)
                0x00005e04                OS_task_mgmt_init

i.mint_buf_mgmt_allocate_buffer
                0x00005e54       0x4c
 i.mint_buf_mgmt_allocate_buffer
                0x00005e54       0x4c ..\..\..\PSoC Creator\4.1\Downloads ( 4.1).cylib\BLE_v3_40\Library\gccCyBLEStack_BLE_SOC_PERIPHERAL.a(mint_buf_mgmt.o)
                0x00005e54                mint_buf_mgmt_allocate_buffer

i.mint_buf_mgmt_create_pool
                0x00005ea0       0xd0
 i.mint_buf_mgmt_create_pool
                0x00005ea0       0xd0 ..\..\..\PSoC Creator\4.1\Downloads ( 4.1).cylib\BLE_v3_40\Library\gccCyBLEStack_BLE_SOC_PERIPHERAL.a(mint_buf_mgmt.o)
                0x00005ea0                mint_buf_mgmt_create_pool

i.mint_buf_mgmt_free_buffer
                0x00005f70       0xa4
 i.mint_buf_mgmt_free_buffer
                0x00005f70       0xa4 ..\..\..\PSoC Creator\4.1\Downloads ( 4.1).cylib\BLE_v3_40\Library\gccCyBLEStack_BLE_SOC_PERIPHERAL.a(mint_buf_mgmt.o)
                0x00005f70                mint_buf_mgmt_free_buffer

i.mint_buf_mgmt_init
                0x00006014       0x44
 i.mint_buf_mgmt_init
                0x00006014       0x44 ..\..\..\PSoC Creator\4.1\Downloads ( 4.1).cylib\BLE_v3_40\Library\gccCyBLEStack_BLE_SOC_PERIPHERAL.a(mint_buf_mgmt.o)
                0x00006014                mint_buf_mgmt_init

i.mint_buf_mgmt_malloc
                0x00006058       0x28
 i.mint_buf_mgmt_malloc
                0x00006058       0x28 ..\..\..\PSoC Creator\4.1\Downloads ( 4.1).cylib\BLE_v3_40\Library\gccCyBLEStack_BLE_SOC_PERIPHERAL.a(mint_buf_mgmt.o)
                0x00006058                mint_buf_mgmt_malloc

i.mint_buf_mgmt_pl_init
                0x00006080       0x48
 i.mint_buf_mgmt_pl_init
                0x00006080       0x48 ..\..\..\PSoC Creator\4.1\Downloads ( 4.1).cylib\BLE_v3_40\Library\gccCyBLEStack_BLE_SOC_PERIPHERAL.a(mint_buf_mgmt.o)
                0x00006080                mint_buf_mgmt_pl_init

i.mint_buf_mgmt_reset_pool
                0x000060c8       0x70
 i.mint_buf_mgmt_reset_pool
                0x000060c8       0x70 ..\..\..\PSoC Creator\4.1\Downloads ( 4.1).cylib\BLE_v3_40\Library\gccCyBLEStack_BLE_SOC_PERIPHERAL.a(mint_buf_mgmt.o)
                0x000060c8                mint_buf_mgmt_reset_pool

i.mint_buf_mgmt_stack_init
                0x00006138       0x24
 i.mint_buf_mgmt_stack_init
                0x00006138       0x24 ..\..\..\PSoC Creator\4.1\Downloads ( 4.1).cylib\BLE_v3_40\Library\gccCyBLEStack_BLE_SOC_PERIPHERAL.a(mint_buf_mgmt.o)
                0x00006138                mint_buf_mgmt_stack_init

i.mint_buf_mgmt_stack_pop
                0x0000615c       0x36
 i.mint_buf_mgmt_stack_pop
                0x0000615c       0x36 ..\..\..\PSoC Creator\4.1\Downloads ( 4.1).cylib\BLE_v3_40\Library\gccCyBLEStack_BLE_SOC_PERIPHERAL.a(mint_buf_mgmt.o)
                0x0000615c                mint_buf_mgmt_stack_pop

i.mint_buf_mgmt_stack_push
                0x00006192       0x36
 i.mint_buf_mgmt_stack_push
                0x00006192       0x36 ..\..\..\PSoC Creator\4.1\Downloads ( 4.1).cylib\BLE_v3_40\Library\gccCyBLEStack_BLE_SOC_PERIPHERAL.a(mint_buf_mgmt.o)
                0x00006192                mint_buf_mgmt_stack_push

i.mint_buf_mgmt_stack_reset
                0x000061c8       0x1e
 i.mint_buf_mgmt_stack_reset
                0x000061c8       0x1e ..\..\..\PSoC Creator\4.1\Downloads ( 4.1).cylib\BLE_v3_40\Library\gccCyBLEStack_BLE_SOC_PERIPHERAL.a(mint_buf_mgmt.o)
                0x000061c8                mint_buf_mgmt_stack_reset

i.mint_buf_mgmt_stack_search_item
                0x000061e6       0x30
 i.mint_buf_mgmt_stack_search_item
                0x000061e6       0x30 ..\..\..\PSoC Creator\4.1\Downloads ( 4.1).cylib\BLE_v3_40\Library\gccCyBLEStack_BLE_SOC_PERIPHERAL.a(mint_buf_mgmt.o)
                0x000061e6                mint_buf_mgmt_stack_search_item

i.CyBleControllerIP_GetPingState
                0x00006218        0xc
 i.CyBleControllerIP_GetPingState
                0x00006218        0xc ..\..\..\PSoC Creator\4.1\Downloads ( 4.1).cylib\BLE_v3_40\Library\gccCyBLEStack_BLE_SOC_PERIPHERAL.a(CyBleControllerIP_Interface.o)
                0x00006218                CyBleControllerIP_GetPingState

i.CyBleController_AddDeviceToWhiteList
                0x00006224       0x48
 i.CyBleController_AddDeviceToWhiteList
                0x00006224       0x48 ..\..\..\PSoC Creator\4.1\Downloads ( 4.1).cylib\BLE_v3_40\Library\gccCyBLEStack_BLE_SOC_PERIPHERAL.a(CyBleControllerIP_Interface.o)
                0x00006224                CyBleController_AddDeviceToWhiteList

i.CyBleController_EnableDefaultDevicePrivacy
                0x0000626c        0xc
 i.CyBleController_EnableDefaultDevicePrivacy
                0x0000626c        0xc ..\..\..\PSoC Creator\4.1\Downloads ( 4.1).cylib\BLE_v3_40\Library\gccCyBLEStack_BLE_SOC_PERIPHERAL.a(CyBleControllerIP_Interface.o)
                0x0000626c                CyBleController_EnableDefaultDevicePrivacy

i.CyBleController_EnterLowPowerMode
                0x00006278       0x2c
 i.CyBleController_EnterLowPowerMode
                0x00006278       0x2c ..\..\..\PSoC Creator\4.1\Downloads ( 4.1).cylib\BLE_v3_40\Library\gccCyBLEStack_BLE_SOC_PERIPHERAL.a(CyBleControllerIP_Interface.o)
                0x00006278                CyBleController_EnterLowPowerMode

i.CyBleController_ExitLowPowerMode
                0x000062a4       0x10
 i.CyBleController_ExitLowPowerMode
                0x000062a4       0x10 ..\..\..\PSoC Creator\4.1\Downloads ( 4.1).cylib\BLE_v3_40\Library\gccCyBLEStack_BLE_SOC_PERIPHERAL.a(CyBleControllerIP_Interface.o)
                0x000062a4                CyBleController_ExitLowPowerMode

i.CyBleController_GetDeviceAddress
                0x000062b4       0x22
 i.CyBleController_GetDeviceAddress
                0x000062b4       0x22 ..\..\..\PSoC Creator\4.1\Downloads ( 4.1).cylib\BLE_v3_40\Library\gccCyBLEStack_BLE_SOC_PERIPHERAL.a(CyBleControllerIP_Interface.o)
                0x000062b4                CyBleController_GetDeviceAddress

i.CyBleController_GetDleHeapMemory
                0x000062d6       0x10
 i.CyBleController_GetDleHeapMemory
                0x000062d6       0x10 ..\..\..\PSoC Creator\4.1\Downloads ( 4.1).cylib\BLE_v3_40\Library\gccCyBLEStack_BLE_SOC_PERIPHERAL.a(CyBleControllerIP_Interface.o)
                0x000062d6                CyBleController_GetDleHeapMemory

i.CyBleController_GetPrivacyHeapMemory
                0x000062e8       0x1c
 i.CyBleController_GetPrivacyHeapMemory
                0x000062e8       0x1c ..\..\..\PSoC Creator\4.1\Downloads ( 4.1).cylib\BLE_v3_40\Library\gccCyBLEStack_BLE_SOC_PERIPHERAL.a(CyBleControllerIP_Interface.o)
                0x000062e8                CyBleController_GetPrivacyHeapMemory

i.CyBleController_Init
                0x00006304       0x40
 i.CyBleController_Init
                0x00006304       0x40 ..\..\..\PSoC Creator\4.1\Downloads ( 4.1).cylib\BLE_v3_40\Library\gccCyBLEStack_BLE_SOC_PERIPHERAL.a(CyBleControllerIP_Interface.o)
                0x00006304                CyBleController_Init

i.CyBleController_LlReset
                0x00006344       0x10
 i.CyBleController_LlReset
                0x00006344       0x10 ..\..\..\PSoC Creator\4.1\Downloads ( 4.1).cylib\BLE_v3_40\Library\gccCyBLEStack_BLE_SOC_PERIPHERAL.a(CyBleControllerIP_Interface.o)
                0x00006344                CyBleController_LlReset

i.CyBleController_SetDeviceAddress
                0x00006354       0x2e
 i.CyBleController_SetDeviceAddress
                0x00006354       0x2e ..\..\..\PSoC Creator\4.1\Downloads ( 4.1).cylib\BLE_v3_40\Library\gccCyBLEStack_BLE_SOC_PERIPHERAL.a(CyBleControllerIP_Interface.o)
                0x00006354                CyBleController_SetDeviceAddress

i.CyBleController_SetDleParams
                0x00006384       0x1c
 i.CyBleController_SetDleParams
                0x00006384       0x1c ..\..\..\PSoC Creator\4.1\Downloads ( 4.1).cylib\BLE_v3_40\Library\gccCyBLEStack_BLE_SOC_PERIPHERAL.a(CyBleControllerIP_Interface.o)
                0x00006384                CyBleController_SetDleParams

i.CyBleController_SetLePrivacyParams
                0x000063a0       0x18
 i.CyBleController_SetLePrivacyParams
                0x000063a0       0x18 ..\..\..\PSoC Creator\4.1\Downloads ( 4.1).cylib\BLE_v3_40\Library\gccCyBLEStack_BLE_SOC_PERIPHERAL.a(CyBleControllerIP_Interface.o)
                0x000063a0                CyBleController_SetLePrivacyParams

i.CyBle_GetFirmwareProgrammedDSM
                0x000063b8        0xc
 i.CyBle_GetFirmwareProgrammedDSM
                0x000063b8        0xc ..\..\..\PSoC Creator\4.1\Downloads ( 4.1).cylib\BLE_v3_40\Library\gccCyBLEStack_BLE_SOC_PERIPHERAL.a(CyBleControllerIP_Interface.o)
                0x000063b8                CyBle_GetFirmwareProgrammedDSM

i.CyBle_GetTxPowerLevel
                0x000063c4       0x54
 i.CyBle_GetTxPowerLevel
                0x000063c4       0x54 ..\..\..\PSoC Creator\4.1\Downloads ( 4.1).cylib\BLE_v3_40\Library\gccCyBLEStack_BLE_SOC_PERIPHERAL.a(CyBleControllerIP_Interface.o)
                0x000063c4                CyBle_GetTxPowerLevel

i.CyBle_SendBlessEvtoAPP
                0x00006418        0xc
 i.CyBle_SendBlessEvtoAPP
                0x00006418        0xc ..\..\..\PSoC Creator\4.1\Downloads ( 4.1).cylib\BLE_v3_40\Library\gccCyBLEStack_BLE_SOC_PERIPHERAL.a(CyBleControllerIP_Interface.o)
                0x00006418                CyBle_SendBlessEvtoAPP

i.CyBle_SendEventToApp
                0x00006424       0x38
 i.CyBle_SendEventToApp
                0x00006424       0x38 ..\..\..\PSoC Creator\4.1\Downloads ( 4.1).cylib\BLE_v3_40\Library\gccCyBLEStack_BLE_SOC_PERIPHERAL.a(CyBleControllerIP_Interface.o)
                0x00006424                CyBle_SendEventToApp

i.CyBle_SetFirmwareProgrammedDSM
                0x0000645c        0xc
 i.CyBle_SetFirmwareProgrammedDSM
                0x0000645c        0xc ..\..\..\PSoC Creator\4.1\Downloads ( 4.1).cylib\BLE_v3_40\Library\gccCyBLEStack_BLE_SOC_PERIPHERAL.a(CyBleControllerIP_Interface.o)
                0x0000645c                CyBle_SetFirmwareProgrammedDSM

i.CyBle_SetTxPowerLevel
                0x00006468       0x88
 i.CyBle_SetTxPowerLevel
                0x00006468       0x88 ..\..\..\PSoC Creator\4.1\Downloads ( 4.1).cylib\BLE_v3_40\Library\gccCyBLEStack_BLE_SOC_PERIPHERAL.a(CyBleControllerIP_Interface.o)
                0x00006468                CyBle_SetTxPowerLevel

i.ll_check_and_mark_packet_ready_for_transmission
                0x000064f0       0x44
 i.ll_check_and_mark_packet_ready_for_transmission
                0x000064f0       0x44 ..\..\..\PSoC Creator\4.1\Downloads ( 4.1).cylib\BLE_v3_40\Library\gccCyBLEStack_BLE_SOC_PERIPHERAL.a(ll.o)
                0x000064f0                ll_check_and_mark_packet_ready_for_transmission

i.ll_cleanup_pending_data_pdu
                0x00006534       0x44
 i.ll_cleanup_pending_data_pdu
                0x00006534       0x44 ..\..\..\PSoC Creator\4.1\Downloads ( 4.1).cylib\BLE_v3_40\Library\gccCyBLEStack_BLE_SOC_PERIPHERAL.a(ll.o)
                0x00006534                ll_cleanup_pending_data_pdu

i.ll_enter_dsm_mode
                0x00006578      0x15c
 i.ll_enter_dsm_mode
                0x00006578      0x15c ..\..\..\PSoC Creator\4.1\Downloads ( 4.1).cylib\BLE_v3_40\Library\gccCyBLEStack_BLE_SOC_PERIPHERAL.a(ll.o)
                0x00006578                ll_enter_dsm_mode

i.ll_enter_hibernate_mode
                0x000066d4       0x28
 i.ll_enter_hibernate_mode
                0x000066d4       0x28 ..\..\..\PSoC Creator\4.1\Downloads ( 4.1).cylib\BLE_v3_40\Library\gccCyBLEStack_BLE_SOC_PERIPHERAL.a(ll.o)
                0x000066d4                ll_enter_hibernate_mode

i.ll_enter_sm_mode
                0x000066fc       0x60
 i.ll_enter_sm_mode
                0x000066fc       0x60 ..\..\..\PSoC Creator\4.1\Downloads ( 4.1).cylib\BLE_v3_40\Library\gccCyBLEStack_BLE_SOC_PERIPHERAL.a(ll.o)
                0x000066fc                ll_enter_sm_mode

i.ll_exit_low_power_mode
                0x0000675c       0x84
 i.ll_exit_low_power_mode
                0x0000675c       0x84 ..\..\..\PSoC Creator\4.1\Downloads ( 4.1).cylib\BLE_v3_40\Library\gccCyBLEStack_BLE_SOC_PERIPHERAL.a(ll.o)
                0x0000675c                ll_exit_low_power_mode

i.ll_get_ack_status
                0x000067e0       0x44
 i.ll_get_ack_status
                0x000067e0       0x44 ..\..\..\PSoC Creator\4.1\Downloads ( 4.1).cylib\BLE_v3_40\Library\gccCyBLEStack_BLE_SOC_PERIPHERAL.a(ll.o)
                0x000067e0                ll_get_ack_status

i.ll_get_ack_status_for_all_connections
                0x00006824       0x34
 i.ll_get_ack_status_for_all_connections
                0x00006824       0x34 ..\..\..\PSoC Creator\4.1\Downloads ( 4.1).cylib\BLE_v3_40\Library\gccCyBLEStack_BLE_SOC_PERIPHERAL.a(ll.o)
                0x00006824                ll_get_ack_status_for_all_connections

i.ll_get_adv_ch_tx_power
                0x00006858       0x20
 i.ll_get_adv_ch_tx_power
                0x00006858       0x20 ..\..\..\PSoC Creator\4.1\Downloads ( 4.1).cylib\BLE_v3_40\Library\gccCyBLEStack_BLE_SOC_PERIPHERAL.a(ll.o)
                0x00006858                ll_get_adv_ch_tx_power

i.ll_get_data_channel_map
                0x00006878       0x28
 i.ll_get_data_channel_map
                0x00006878       0x28 ..\..\..\PSoC Creator\4.1\Downloads ( 4.1).cylib\BLE_v3_40\Library\gccCyBLEStack_BLE_SOC_PERIPHERAL.a(ll.o)
                0x00006878                ll_get_data_channel_map

i.ll_get_max_white_list_size
                0x000068a0        0xc
 i.ll_get_max_white_list_size
                0x000068a0        0xc ..\..\..\PSoC Creator\4.1\Downloads ( 4.1).cylib\BLE_v3_40\Library\gccCyBLEStack_BLE_SOC_PERIPHERAL.a(ll.o)
                0x000068a0                ll_get_max_white_list_size

i.ll_get_my_role
                0x000068ac        0xc
 i.ll_get_my_role
                0x000068ac        0xc ..\..\..\PSoC Creator\4.1\Downloads ( 4.1).cylib\BLE_v3_40\Library\gccCyBLEStack_BLE_SOC_PERIPHERAL.a(ll.o)
                0x000068ac                ll_get_my_role

i.ll_get_next_available_fifo_for_data_pdu
                0x000068b8        0x8
 i.ll_get_next_available_fifo_for_data_pdu
                0x000068b8        0x8 ..\..\..\PSoC Creator\4.1\Downloads ( 4.1).cylib\BLE_v3_40\Library\gccCyBLEStack_BLE_SOC_PERIPHERAL.a(ll.o)
                0x000068b8                ll_get_next_available_fifo_for_data_pdu

i.ll_get_next_available_fifo_for_ll_pdu
                0x000068c0       0x2c
 i.ll_get_next_available_fifo_for_ll_pdu
                0x000068c0       0x2c ..\..\..\PSoC Creator\4.1\Downloads ( 4.1).cylib\BLE_v3_40\Library\gccCyBLEStack_BLE_SOC_PERIPHERAL.a(ll.o)
                0x000068c0                ll_get_next_available_fifo_for_ll_pdu

i.ll_get_rssi_value
                0x000068ec       0x26
 i.ll_get_rssi_value
                0x000068ec       0x26 ..\..\..\PSoC Creator\4.1\Downloads ( 4.1).cylib\BLE_v3_40\Library\gccCyBLEStack_BLE_SOC_PERIPHERAL.a(ll.o)
                0x000068ec                ll_get_rssi_value

i.ll_get_transmit_power_level
                0x00006914       0x2c
 i.ll_get_transmit_power_level
                0x00006914       0x2c ..\..\..\PSoC Creator\4.1\Downloads ( 4.1).cylib\BLE_v3_40\Library\gccCyBLEStack_BLE_SOC_PERIPHERAL.a(ll.o)
                0x00006914                ll_get_transmit_power_level

i.ll_handle_ack_received
                0x00006940       0x74
 i.ll_handle_ack_received
                0x00006940       0x74 ..\..\..\PSoC Creator\4.1\Downloads ( 4.1).cylib\BLE_v3_40\Library\gccCyBLEStack_BLE_SOC_PERIPHERAL.a(ll.o)
                0x00006940                ll_handle_ack_received

i.ll_handle_add_device_in_whitelist
                0x000069b4       0x50
 i.ll_handle_add_device_in_whitelist
                0x000069b4       0x50 ..\..\..\PSoC Creator\4.1\Downloads ( 4.1).cylib\BLE_v3_40\Library\gccCyBLEStack_BLE_SOC_PERIPHERAL.a(ll.o)
                0x000069b4                ll_handle_add_device_in_whitelist

i.ll_handle_clear_whitelist
                0x00006a04       0x24
 i.ll_handle_clear_whitelist
                0x00006a04       0x24 ..\..\..\PSoC Creator\4.1\Downloads ( 4.1).cylib\BLE_v3_40\Library\gccCyBLEStack_BLE_SOC_PERIPHERAL.a(ll.o)
                0x00006a04                ll_handle_clear_whitelist

i.ll_handle_encrypt_host_data
                0x00006a28       0x36
 i.ll_handle_encrypt_host_data
                0x00006a28       0x36 ..\..\..\PSoC Creator\4.1\Downloads ( 4.1).cylib\BLE_v3_40\Library\gccCyBLEStack_BLE_SOC_PERIPHERAL.a(ll.o)
                0x00006a28                ll_handle_encrypt_host_data

i.ll_handle_host_data_packet
                0x00006a60       0x9c
 i.ll_handle_host_data_packet
                0x00006a60       0x9c ..\..\..\PSoC Creator\4.1\Downloads ( 4.1).cylib\BLE_v3_40\Library\gccCyBLEStack_BLE_SOC_PERIPHERAL.a(ll.o)
                0x00006a60                ll_handle_host_data_packet

i.ll_handle_read_host_channel_map
                0x00006afc        0x4
 i.ll_handle_read_host_channel_map
                0x00006afc        0x4 ..\..\..\PSoC Creator\4.1\Downloads ( 4.1).cylib\BLE_v3_40\Library\gccCyBLEStack_BLE_SOC_PERIPHERAL.a(ll.o)
                0x00006afc                ll_handle_read_host_channel_map

i.ll_handle_remove_device_in_whitelist
                0x00006b00       0x38
 i.ll_handle_remove_device_in_whitelist
                0x00006b00       0x38 ..\..\..\PSoC Creator\4.1\Downloads ( 4.1).cylib\BLE_v3_40\Library\gccCyBLEStack_BLE_SOC_PERIPHERAL.a(ll.o)
                0x00006b00                ll_handle_remove_device_in_whitelist

i.ll_handle_reset
                0x00006b38        0xe
 i.ll_handle_reset
                0x00006b38        0xe ..\..\..\PSoC Creator\4.1\Downloads ( 4.1).cylib\BLE_v3_40\Library\gccCyBLEStack_BLE_SOC_PERIPHERAL.a(ll.o)
                0x00006b38                ll_handle_reset

i.ll_handle_set_random_address
                0x00006b46       0x36
 i.ll_handle_set_random_address
                0x00006b46       0x36 ..\..\..\PSoC Creator\4.1\Downloads ( 4.1).cylib\BLE_v3_40\Library\gccCyBLEStack_BLE_SOC_PERIPHERAL.a(ll.o)
                0x00006b46                ll_handle_set_random_address

i.ll_init       0x00006b7c       0x20
 i.ll_init      0x00006b7c       0x20 ..\..\..\PSoC Creator\4.1\Downloads ( 4.1).cylib\BLE_v3_40\Library\gccCyBLEStack_BLE_SOC_PERIPHERAL.a(ll.o)
                0x00006b7c                ll_init

i.ll_initialize_device_attributes
                0x00006b9c       0xc0
 i.ll_initialize_device_attributes
                0x00006b9c       0xc0 ..\..\..\PSoC Creator\4.1\Downloads ( 4.1).cylib\BLE_v3_40\Library\gccCyBLEStack_BLE_SOC_PERIPHERAL.a(ll.o)
                0x00006b9c                ll_initialize_device_attributes

i.ll_is_pkt_pending
                0x00006c5c       0x2a
 i.ll_is_pkt_pending
                0x00006c5c       0x2a ..\..\..\PSoC Creator\4.1\Downloads ( 4.1).cylib\BLE_v3_40\Library\gccCyBLEStack_BLE_SOC_PERIPHERAL.a(ll.o)
                0x00006c5c                ll_is_pkt_pending

i.ll_is_sent_pkt_pending
                0x00006c86       0x1a
 i.ll_is_sent_pkt_pending
                0x00006c86       0x1a ..\..\..\PSoC Creator\4.1\Downloads ( 4.1).cylib\BLE_v3_40\Library\gccCyBLEStack_BLE_SOC_PERIPHERAL.a(ll.o)
                0x00006c86                ll_is_sent_pkt_pending

i.ll_isr_exit_low_power_mode
                0x00006ca0       0x16
 i.ll_isr_exit_low_power_mode
                0x00006ca0       0x16 ..\..\..\PSoC Creator\4.1\Downloads ( 4.1).cylib\BLE_v3_40\Library\gccCyBLEStack_BLE_SOC_PERIPHERAL.a(ll.o)
                0x00006ca0                ll_isr_exit_low_power_mode

i.ll_load_host_data_packet
                0x00006cb6       0x3c
 i.ll_load_host_data_packet
                0x00006cb6       0x3c ..\..\..\PSoC Creator\4.1\Downloads ( 4.1).cylib\BLE_v3_40\Library\gccCyBLEStack_BLE_SOC_PERIPHERAL.a(ll.o)
                0x00006cb6                ll_load_host_data_packet

i.ll_load_packet_to_fifo
                0x00006cf4       0xc0
 i.ll_load_packet_to_fifo
                0x00006cf4       0xc0 ..\..\..\PSoC Creator\4.1\Downloads ( 4.1).cylib\BLE_v3_40\Library\gccCyBLEStack_BLE_SOC_PERIPHERAL.a(ll.o)
                0x00006cf4                ll_load_packet_to_fifo

i.ll_process_acks
                0x00006db4       0x60
 i.ll_process_acks
                0x00006db4       0x60 ..\..\..\PSoC Creator\4.1\Downloads ( 4.1).cylib\BLE_v3_40\Library\gccCyBLEStack_BLE_SOC_PERIPHERAL.a(ll.o)
                0x00006db4                ll_process_acks

i.ll_reset      0x00006e14       0x14
 i.ll_reset     0x00006e14       0x14 ..\..\..\PSoC Creator\4.1\Downloads ( 4.1).cylib\BLE_v3_40\Library\gccCyBLEStack_BLE_SOC_PERIPHERAL.a(ll.o)
                0x00006e14                ll_reset

i.ll_update_active_features
                0x00006e28       0x58
 i.ll_update_active_features
                0x00006e28       0x58 ..\..\..\PSoC Creator\4.1\Downloads ( 4.1).cylib\BLE_v3_40\Library\gccCyBLEStack_BLE_SOC_PERIPHERAL.a(ll.o)
                0x00006e28                ll_update_active_features

i.ll_update_device_fsm
                0x00006e80        0x8
 i.ll_update_device_fsm
                0x00006e80        0x8 ..\..\..\PSoC Creator\4.1\Downloads ( 4.1).cylib\BLE_v3_40\Library\gccCyBLEStack_BLE_SOC_PERIPHERAL.a(ll.o)
                0x00006e80                ll_update_device_fsm

i.ll_validate_add_device_to_whitelist_params
                0x00006e88       0x14
 i.ll_validate_add_device_to_whitelist_params
                0x00006e88       0x14 ..\..\..\PSoC Creator\4.1\Downloads ( 4.1).cylib\BLE_v3_40\Library\gccCyBLEStack_BLE_SOC_PERIPHERAL.a(ll.o)
                0x00006e88                ll_validate_add_device_to_whitelist_params

i.ll_validate_bd_addr
                0x00006e9c       0x1a
 i.ll_validate_bd_addr
                0x00006e9c       0x1a ..\..\..\PSoC Creator\4.1\Downloads ( 4.1).cylib\BLE_v3_40\Library\gccCyBLEStack_BLE_SOC_PERIPHERAL.a(ll.o)
                0x00006e9c                ll_validate_bd_addr

i.ll_wait_to_enter_dsm
                0x00006eb8       0x40
 i.ll_wait_to_enter_dsm
                0x00006eb8       0x40 ..\..\..\PSoC Creator\4.1\Downloads ( 4.1).cylib\BLE_v3_40\Library\gccCyBLEStack_BLE_SOC_PERIPHERAL.a(ll.o)

i.ll_wait_to_exit_dsm
                0x00006ef8       0x2c
 i.ll_wait_to_exit_dsm
                0x00006ef8       0x2c ..\..\..\PSoC Creator\4.1\Downloads ( 4.1).cylib\BLE_v3_40\Library\gccCyBLEStack_BLE_SOC_PERIPHERAL.a(ll.o)

i.pf_le_start_timer
                0x00006f24       0x16
 i.pf_le_start_timer
                0x00006f24       0x16 ..\..\..\PSoC Creator\4.1\Downloads ( 4.1).cylib\BLE_v3_40\Library\gccCyBLEStack_BLE_SOC_PERIPHERAL.a(ll.o)
                0x00006f24                pf_le_start_timer

i.pf_le_stop_timer
                0x00006f3a       0x12
 i.pf_le_stop_timer
                0x00006f3a       0x12 ..\..\..\PSoC Creator\4.1\Downloads ( 4.1).cylib\BLE_v3_40\Library\gccCyBLEStack_BLE_SOC_PERIPHERAL.a(ll.o)
                0x00006f3a                pf_le_stop_timer

i.CyBleControllerIP_TuneAdvEventInterPktSlots
                0x00006f4c       0x3c
 i.CyBleControllerIP_TuneAdvEventInterPktSlots
                0x00006f4c       0x3c ..\..\..\PSoC Creator\4.1\Downloads ( 4.1).cylib\BLE_v3_40\Library\gccCyBLEStack_BLE_SOC_PERIPHERAL.a(ll_advertiser.o)
                0x00006f4c                CyBleControllerIP_TuneAdvEventInterPktSlots

i.ll_adv_is_configured_connection_adv
                0x00006f88       0x1e
 i.ll_adv_is_configured_connection_adv
                0x00006f88       0x1e ..\..\..\PSoC Creator\4.1\Downloads ( 4.1).cylib\BLE_v3_40\Library\gccCyBLEStack_BLE_SOC_PERIPHERAL.a(ll_advertiser.o)
                0x00006f88                ll_adv_is_configured_connection_adv

i.ll_check_random_address_in_use_by_advertiser
                0x00006fa6       0x10
 i.ll_check_random_address_in_use_by_advertiser
                0x00006fa6       0x10 ..\..\..\PSoC Creator\4.1\Downloads ( 4.1).cylib\BLE_v3_40\Library\gccCyBLEStack_BLE_SOC_PERIPHERAL.a(ll_advertiser.o)
                0x00006fa6                ll_check_random_address_in_use_by_advertiser

i.ll_check_whitelist_in_use_by_advertiser
                0x00006fb6       0x10
 i.ll_check_whitelist_in_use_by_advertiser
                0x00006fb6       0x10 ..\..\..\PSoC Creator\4.1\Downloads ( 4.1).cylib\BLE_v3_40\Library\gccCyBLEStack_BLE_SOC_PERIPHERAL.a(ll_advertiser.o)
                0x00006fb6                ll_check_whitelist_in_use_by_advertiser

i.ll_get_adv_data
                0x00006fc8        0xc
 i.ll_get_adv_data
                0x00006fc8        0xc ..\..\..\PSoC Creator\4.1\Downloads ( 4.1).cylib\BLE_v3_40\Library\gccCyBLEStack_BLE_SOC_PERIPHERAL.a(ll_advertiser.o)
                0x00006fc8                ll_get_adv_data

i.ll_get_adv_status
                0x00006fd4        0xc
 i.ll_get_adv_status
                0x00006fd4        0xc ..\..\..\PSoC Creator\4.1\Downloads ( 4.1).cylib\BLE_v3_40\Library\gccCyBLEStack_BLE_SOC_PERIPHERAL.a(ll_advertiser.o)
                0x00006fd4                ll_get_adv_status

i.ll_get_adv_type
                0x00006fe0       0x18
 i.ll_get_adv_type
                0x00006fe0       0x18 ..\..\..\PSoC Creator\4.1\Downloads ( 4.1).cylib\BLE_v3_40\Library\gccCyBLEStack_BLE_SOC_PERIPHERAL.a(ll_advertiser.o)
                0x00006fe0                ll_get_adv_type

i.ll_get_scan_rsp_data
                0x00006ff8        0xc
 i.ll_get_scan_rsp_data
                0x00006ff8        0xc ..\..\..\PSoC Creator\4.1\Downloads ( 4.1).cylib\BLE_v3_40\Library\gccCyBLEStack_BLE_SOC_PERIPHERAL.a(ll_advertiser.o)
                0x00006ff8                ll_get_scan_rsp_data

i.ll_handle_adv_intr
                0x00007004       0x54
 i.ll_handle_adv_intr
                0x00007004       0x54 ..\..\..\PSoC Creator\4.1\Downloads ( 4.1).cylib\BLE_v3_40\Library\gccCyBLEStack_BLE_SOC_PERIPHERAL.a(ll_advertiser.o)
                0x00007004                ll_handle_adv_intr

i.ll_handle_set_adv_data
                0x00007058       0x38
 i.ll_handle_set_adv_data
                0x00007058       0x38 ..\..\..\PSoC Creator\4.1\Downloads ( 4.1).cylib\BLE_v3_40\Library\gccCyBLEStack_BLE_SOC_PERIPHERAL.a(ll_advertiser.o)
                0x00007058                ll_handle_set_adv_data

i.ll_handle_set_adv_parameters
                0x00007090       0xa4
 i.ll_handle_set_adv_parameters
                0x00007090       0xa4 ..\..\..\PSoC Creator\4.1\Downloads ( 4.1).cylib\BLE_v3_40\Library\gccCyBLEStack_BLE_SOC_PERIPHERAL.a(ll_advertiser.o)
                0x00007090                ll_handle_set_adv_parameters

i.ll_handle_set_advertise_enable
                0x00007134       0x6a
 i.ll_handle_set_advertise_enable
                0x00007134       0x6a ..\..\..\PSoC Creator\4.1\Downloads ( 4.1).cylib\BLE_v3_40\Library\gccCyBLEStack_BLE_SOC_PERIPHERAL.a(ll_advertiser.o)
                0x00007134                ll_handle_set_advertise_enable

i.ll_handle_set_scan_resp_data
                0x000071a0       0x38
 i.ll_handle_set_scan_resp_data
                0x000071a0       0x38 ..\..\..\PSoC Creator\4.1\Downloads ( 4.1).cylib\BLE_v3_40\Library\gccCyBLEStack_BLE_SOC_PERIPHERAL.a(ll_advertiser.o)
                0x000071a0                ll_handle_set_scan_resp_data

i.ll_init_advertiser
                0x000071d8       0x70
 i.ll_init_advertiser
                0x000071d8       0x70 ..\..\..\PSoC Creator\4.1\Downloads ( 4.1).cylib\BLE_v3_40\Library\gccCyBLEStack_BLE_SOC_PERIPHERAL.a(ll_advertiser.o)
                0x000071d8                ll_init_advertiser

i.ll_update_adv_data
                0x00007248       0x34
 i.ll_update_adv_data
                0x00007248       0x34 ..\..\..\PSoC Creator\4.1\Downloads ( 4.1).cylib\BLE_v3_40\Library\gccCyBLEStack_BLE_SOC_PERIPHERAL.a(ll_advertiser.o)
                0x00007248                ll_update_adv_data

i.ll_update_scan_rsp_data
                0x0000727c       0x34
 i.ll_update_scan_rsp_data
                0x0000727c       0x34 ..\..\..\PSoC Creator\4.1\Downloads ( 4.1).cylib\BLE_v3_40\Library\gccCyBLEStack_BLE_SOC_PERIPHERAL.a(ll_advertiser.o)
                0x0000727c                ll_update_scan_rsp_data

i.is_le_connection_handle
                0x000072b0       0x28
 i.is_le_connection_handle
                0x000072b0       0x28 ..\..\..\PSoC Creator\4.1\Downloads ( 4.1).cylib\BLE_v3_40\Library\gccCyBLEStack_BLE_SOC_PERIPHERAL.a(ll_connection.o)
                0x000072b0                is_le_connection_handle

i.le_assign_connection_handle
                0x000072d8       0x28
 i.le_assign_connection_handle
                0x000072d8       0x28 ..\..\..\PSoC Creator\4.1\Downloads ( 4.1).cylib\BLE_v3_40\Library\gccCyBLEStack_BLE_SOC_PERIPHERAL.a(ll_connection.o)
                0x000072d8                le_assign_connection_handle

i.le_get_connection_index
                0x00007300        0x6
 i.le_get_connection_index
                0x00007300        0x6 ..\..\..\PSoC Creator\4.1\Downloads ( 4.1).cylib\BLE_v3_40\Library\gccCyBLEStack_BLE_SOC_PERIPHERAL.a(ll_connection.o)
                0x00007300                le_get_connection_index

i.ll_allocate_connection
                0x00007308       0x44
 i.ll_allocate_connection
                0x00007308       0x44 ..\..\..\PSoC Creator\4.1\Downloads ( 4.1).cylib\BLE_v3_40\Library\gccCyBLEStack_BLE_SOC_PERIPHERAL.a(ll_connection.o)
                0x00007308                ll_allocate_connection

i.ll_calculate_and_program_def_win_widen_drift
                0x0000734c       0x14
 i.ll_calculate_and_program_def_win_widen_drift
                0x0000734c       0x14 ..\..\..\PSoC Creator\4.1\Downloads ( 4.1).cylib\BLE_v3_40\Library\gccCyBLEStack_BLE_SOC_PERIPHERAL.a(ll_connection.o)
                0x0000734c                ll_calculate_and_program_def_win_widen_drift

i.ll_calculate_drift
                0x00007360       0x2c
 i.ll_calculate_drift
                0x00007360       0x2c ..\..\..\PSoC Creator\4.1\Downloads ( 4.1).cylib\BLE_v3_40\Library\gccCyBLEStack_BLE_SOC_PERIPHERAL.a(ll_connection.o)
                0x00007360                ll_calculate_drift

i.ll_check_and_decrypt_ll_pdu
                0x0000738c       0x70
 i.ll_check_and_decrypt_ll_pdu
                0x0000738c       0x70 ..\..\..\PSoC Creator\4.1\Downloads ( 4.1).cylib\BLE_v3_40\Library\gccCyBLEStack_BLE_SOC_PERIPHERAL.a(ll_connection.o)
                0x0000738c                ll_check_and_decrypt_ll_pdu

i.ll_check_and_decrypt_packet
                0x000073fc       0x6a
 i.ll_check_and_decrypt_packet